Archive member included to satisfy reference by file (symbol)

/home/aghosh01/STM32_AthenaPlayground/Athena/arm-none-eabi-gcc_5_4_BE/gcc-arm-none-eabi-5_4-2017q1_BE_LINUX/bin/../lib/gcc/arm-none-eabi/5.4.1/../../../../arm-none-eabi/lib/armv7e-m/fpu/libc.a(lib_a-exit.o)
                              /home/aghosh01/STM32_AthenaPlayground/Athena/arm-none-eabi-gcc_5_4_BE/gcc-arm-none-eabi-5_4-2017q1_BE_LINUX/bin/../lib/gcc/arm-none-eabi/5.4.1/../../../../arm-none-eabi/lib/armv7e-m/fpu/crt0.o (exit)
/home/aghosh01/STM32_AthenaPlayground/Athena/arm-none-eabi-gcc_5_4_BE/gcc-arm-none-eabi-5_4-2017q1_BE_LINUX/bin/../lib/gcc/arm-none-eabi/5.4.1/../../../../arm-none-eabi/lib/armv7e-m/fpu/libc.a(lib_a-impure.o)
                              /home/aghosh01/STM32_AthenaPlayground/Athena/arm-none-eabi-gcc_5_4_BE/gcc-arm-none-eabi-5_4-2017q1_BE_LINUX/bin/../lib/gcc/arm-none-eabi/5.4.1/../../../../arm-none-eabi/lib/armv7e-m/fpu/libc.a(lib_a-exit.o) (_global_impure_ptr)
/home/aghosh01/STM32_AthenaPlayground/Athena/arm-none-eabi-gcc_5_4_BE/gcc-arm-none-eabi-5_4-2017q1_BE_LINUX/bin/../lib/gcc/arm-none-eabi/5.4.1/../../../../arm-none-eabi/lib/armv7e-m/fpu/libc.a(lib_a-init.o)
                              /home/aghosh01/STM32_AthenaPlayground/Athena/arm-none-eabi-gcc_5_4_BE/gcc-arm-none-eabi-5_4-2017q1_BE_LINUX/bin/../lib/gcc/arm-none-eabi/5.4.1/../../../../arm-none-eabi/lib/armv7e-m/fpu/crt0.o (__libc_init_array)
/home/aghosh01/STM32_AthenaPlayground/Athena/arm-none-eabi-gcc_5_4_BE/gcc-arm-none-eabi-5_4-2017q1_BE_LINUX/bin/../lib/gcc/arm-none-eabi/5.4.1/../../../../arm-none-eabi/lib/armv7e-m/fpu/libc.a(lib_a-memset.o)
                              /home/aghosh01/STM32_AthenaPlayground/Athena/arm-none-eabi-gcc_5_4_BE/gcc-arm-none-eabi-5_4-2017q1_BE_LINUX/bin/../lib/gcc/arm-none-eabi/5.4.1/../../../../arm-none-eabi/lib/armv7e-m/fpu/crt0.o (memset)
/home/aghosh01/STM32_AthenaPlayground/Athena/arm-none-eabi-gcc_5_4_BE/gcc-arm-none-eabi-5_4-2017q1_BE_LINUX/bin/../lib/gcc/arm-none-eabi/5.4.1/../../../../arm-none-eabi/lib/armv7e-m/fpu/libc.a(lib_a-__call_atexit.o)
                              /home/aghosh01/STM32_AthenaPlayground/Athena/arm-none-eabi-gcc_5_4_BE/gcc-arm-none-eabi-5_4-2017q1_BE_LINUX/bin/../lib/gcc/arm-none-eabi/5.4.1/../../../../arm-none-eabi/lib/armv7e-m/fpu/libc.a(lib_a-exit.o) (__call_exitprocs)
/home/aghosh01/STM32_AthenaPlayground/Athena/arm-none-eabi-gcc_5_4_BE/gcc-arm-none-eabi-5_4-2017q1_BE_LINUX/bin/../lib/gcc/arm-none-eabi/5.4.1/../../../../arm-none-eabi/lib/armv7e-m/fpu/libc.a(lib_a-atexit.o)
                              /home/aghosh01/STM32_AthenaPlayground/Athena/arm-none-eabi-gcc_5_4_BE/gcc-arm-none-eabi-5_4-2017q1_BE_LINUX/bin/../lib/gcc/arm-none-eabi/5.4.1/../../../../arm-none-eabi/lib/armv7e-m/fpu/libc.a(lib_a-__call_atexit.o) (atexit)
/home/aghosh01/STM32_AthenaPlayground/Athena/arm-none-eabi-gcc_5_4_BE/gcc-arm-none-eabi-5_4-2017q1_BE_LINUX/bin/../lib/gcc/arm-none-eabi/5.4.1/../../../../arm-none-eabi/lib/armv7e-m/fpu/libc.a(lib_a-fini.o)
                              /home/aghosh01/STM32_AthenaPlayground/Athena/arm-none-eabi-gcc_5_4_BE/gcc-arm-none-eabi-5_4-2017q1_BE_LINUX/bin/../lib/gcc/arm-none-eabi/5.4.1/../../../../arm-none-eabi/lib/armv7e-m/fpu/libc.a(lib_a-__call_atexit.o) (__libc_fini_array)
/home/aghosh01/STM32_AthenaPlayground/Athena/arm-none-eabi-gcc_5_4_BE/gcc-arm-none-eabi-5_4-2017q1_BE_LINUX/bin/../lib/gcc/arm-none-eabi/5.4.1/../../../../arm-none-eabi/lib/armv7e-m/fpu/libc.a(lib_a-__atexit.o)
                              /home/aghosh01/STM32_AthenaPlayground/Athena/arm-none-eabi-gcc_5_4_BE/gcc-arm-none-eabi-5_4-2017q1_BE_LINUX/bin/../lib/gcc/arm-none-eabi/5.4.1/../../../../arm-none-eabi/lib/armv7e-m/fpu/libc.a(lib_a-atexit.o) (__register_exitproc)
/home/aghosh01/STM32_AthenaPlayground/Athena/arm-none-eabi-gcc_5_4_BE/gcc-arm-none-eabi-5_4-2017q1_BE_LINUX/bin/../lib/gcc/arm-none-eabi/5.4.1/../../../../arm-none-eabi/lib/armv7e-m/fpu/libm.a(lib_a-sf_cos.o)
                              user_source/complementary_filter.o (cosf)
/home/aghosh01/STM32_AthenaPlayground/Athena/arm-none-eabi-gcc_5_4_BE/gcc-arm-none-eabi-5_4-2017q1_BE_LINUX/bin/../lib/gcc/arm-none-eabi/5.4.1/../../../../arm-none-eabi/lib/armv7e-m/fpu/libm.a(lib_a-w_sqrt.o)
                              user_source/MadgwickAHRS.o (sqrt)
/home/aghosh01/STM32_AthenaPlayground/Athena/arm-none-eabi-gcc_5_4_BE/gcc-arm-none-eabi-5_4-2017q1_BE_LINUX/bin/../lib/gcc/arm-none-eabi/5.4.1/../../../../arm-none-eabi/lib/armv7e-m/fpu/libm.a(lib_a-wf_asin.o)
                              user_source/complementary_filter.o (asinf)
/home/aghosh01/STM32_AthenaPlayground/Athena/arm-none-eabi-gcc_5_4_BE/gcc-arm-none-eabi-5_4-2017q1_BE_LINUX/bin/../lib/gcc/arm-none-eabi/5.4.1/../../../../arm-none-eabi/lib/armv7e-m/fpu/libm.a(lib_a-wf_atan2.o)
                              user_source/madgwick_wrapper.o (atan2f)
[...]
Memory Configuration

Name             Origin             Length             Attributes
FLASH            0x0000000008000000 0x0000000000040000 xr
RAM              0x0000000020000000 0x000000000000a000 xrw
CCMRAM           0x0000000010000000 0x0000000000002000 rw
*default*        0x0000000000000000 0xffffffffffffffff

Linker script and memory map

LOAD /home/aghosh01/STM32_AthenaPlayground/Athena/arm-none-eabi-gcc_5_4_BE/gcc-arm-none-eabi-5_4-2017q1_BE_LINUX/bin/../lib/gcc/arm-none-eabi/5.4.1/armv7e-m/fpu/crti.o
LOAD /home/aghosh01/STM32_AthenaPlayground/Athena/arm-none-eabi-gcc_5_4_BE/gcc-arm-none-eabi-5_4-2017q1_BE_LINUX/bin/../lib/gcc/arm-none-eabi/5.4.1/armv7e-m/fpu/crtbegin.o
LOAD /home/aghosh01/STM32_AthenaPlayground/Athena/arm-none-eabi-gcc_5_4_BE/gcc-arm-none-eabi-5_4-2017q1_BE_LINUX/bin/../lib/gcc/arm-none-eabi/5.4.1/../../../../arm-none-eabi/lib/armv7e-m/fpu/crt0.o
                0x000000002000a000                _estack = 0x2000a000
                0x0000000000000200                _Min_Heap_Size = 0x200
                0x0000000000000400                _Min_Stack_Size = 0x400

.isr_vector     0x0000000008000000      0x188
                0x0000000008000000                . = ALIGN (0x4)
 *(.isr_vector)
 .isr_vector    0x0000000008000000      0x188 ../Athena/arch/stm32/f3/src/CMSIS/startup_stm32f303xc.o
                0x0000000008000000                g_pfnVectors
                0x0000000008000188                . = ALIGN (0x4)

.text           0x00000000080001c0    0x102d8
                0x00000000080001c0                . = ALIGN (0x4)
 *(.text)
 .text          0x00000000080001c0       0x5c /home/aghosh01/STM32_AthenaPlayground/Athena/arm-none-eabi-gcc_5_4_BE/gcc-arm-none-eabi-5_4-2017q1_BE_LINUX/bin/../lib/gcc/arm-none-eabi/5.4.1/armv7e-m/fpu/crtbegin.o
 *fill*         0x000000000800021c       0x24 
 .text          0x0000000008000240       0xdc /home/aghosh01/STM32_AthenaPlayground/Athena/arm-none-eabi-gcc_5_4_BE/gcc-arm-none-eabi-5_4-2017q1_BE_LINUX/bin/../lib/gcc/arm-none-eabi/5.4.1/../../../../arm-none-eabi/lib/armv7e-m/fpu/libc.a(lib_a-strlen.o)
                0x0000000008000240                strlen
 *fill*         0x000000000800031c        0x4 
 .text          0x0000000008000320       0xa0 /home/aghosh01/STM32_AthenaPlayground/Athena/arm-none-eabi-gcc_5_4_BE/gcc-arm-none-eabi-5_4-2017q1_BE_LINUX/bin/../lib/gcc/arm-none-eabi/5.4.1/../../../../arm-none-eabi/lib/armv7e-m/fpu/libc.a(lib_a-memchr.o)
                0x0000000008000320                memchr
 .text          0x00000000080003c0      0x134 /home/aghosh01/STM32_AthenaPlayground/Athena/arm-none-eabi-gcc_5_4_BE/gcc-arm-none-eabi-5_4-2017q1_BE_LINUX/bin/../lib/gcc/arm-none-eabi/5.4.1/../../../../arm-none-eabi/lib/armv7e-m/fpu/libc.a(lib_a-memcpy.o)
                0x00000000080003c0                memcpy
 .text          0x00000000080004f4      0x370 /home/aghosh01/STM32_AthenaPlayground/Athena/arm-none-eabi-gcc_5_4_BE/gcc-arm-none-eabi-5_4-2017q1_BE_LINUX/bin/../lib/gcc/arm-none-eabi/5.4.1/armv7e-m/fpu/libgcc.a(_arm_addsubdf3.o)
                0x00000000080004f4                __aeabi_drsub
                0x00000000080004fc                __aeabi_dsub
                0x00000000080004fc                __subdf3
                0x0000000008000500                __adddf3
                0x0000000008000500                __aeabi_dadd
                0x0000000008000778                __aeabi_ui2d
                0x0000000008000778                __floatunsidf
                0x0000000008000798                __floatsidf
                0x0000000008000798                __aeabi_i2d
                0x00000000080007bc                __extendsfdf2
                0x00000000080007bc                __aeabi_f2d
                0x00000000080007f8                __aeabi_ul2d
                0x00000000080007f8                __floatundidf
                0x0000000008000808                __floatdidf
                0x0000000008000808                __aeabi_l2d
 .text          0x0000000008000864      0x424 /home/aghosh01/STM32_AthenaPlayground/Athena/arm-none-eabi-gcc_5_4_BE/gcc-arm-none-eabi-5_4-2017q1_BE_LINUX/bin/../lib/gcc/arm-none-eabi/5.4.1/armv7e-m/fpu/libgcc.a(_arm_muldivdf3.o)
                0x0000000008000864                __aeabi_dmul
                0x0000000008000864                __muldf3
                0x0000000008000ab8                __aeabi_ddiv
                0x0000000008000ab8                __divdf3
 .text          0x0000000008000c88      0x110 /home/aghosh01/STM32_AthenaPlayground/Athena/arm-none-eabi-gcc_5_4_BE/gcc-arm-none-eabi-5_4-2017q1_BE_LINUX/bin/../lib/gcc/arm-none-eabi/5.4.1/armv7e-m/fpu/libgcc.a(_arm_cmpdf2.o)
                0x0000000008000c88                __gtdf2
                0x0000000008000c88                __gedf2
                0x0000000008000c90                __ltdf2
                0x0000000008000c90                __ledf2
                0x0000000008000c98                __cmpdf2
                0x0000000008000c98                __eqdf2
                0x0000000008000c98                __nedf2
                0x0000000008000d14                __aeabi_cdrcmple
                0x0000000008000d24                __aeabi_cdcmple
                0x0000000008000d24                __aeabi_cdcmpeq
                0x0000000008000d34                __aeabi_dcmpeq
                0x0000000008000d48                __aeabi_dcmplt
                0x0000000008000d5c                __aeabi_dcmple
                0x0000000008000d70                __aeabi_dcmpge
                0x0000000008000d84                __aeabi_dcmpgt
 .text          0x0000000008000d98       0x2c /home/aghosh01/STM32_AthenaPlayground/Athena/arm-none-eabi-gcc_5_4_BE/gcc-arm-none-eabi-5_4-2017q1_BE_LINUX/bin/../lib/gcc/arm-none-eabi/5.4.1/armv7e-m/fpu/libgcc.a(_arm_unorddf2.o)
                0x0000000008000d98                __aeabi_dcmpun
                0x0000000008000d98                __unorddf2
 .text          0x0000000008000dc4       0x50 /home/aghosh01/STM32_AthenaPlayground/Athena/arm-none-eabi-gcc_5_4_BE/gcc-arm-none-eabi-5_4-2017q1_BE_LINUX/bin/../lib/gcc/arm-none-eabi/5.4.1/armv7e-m/fpu/libgcc.a(_arm_fixdfsi.o)
                0x0000000008000dc4                __fixdfsi
                0x0000000008000dc4                __aeabi_d2iz
 .text          0x0000000008000e14       0x40 /home/aghosh01/STM32_AthenaPlayground/Athena/arm-none-eabi-gcc_5_4_BE/gcc-arm-none-eabi-5_4-2017q1_BE_LINUX/bin/../lib/gcc/arm-none-eabi/5.4.1/armv7e-m/fpu/libgcc.a(_arm_fixunsdfsi.o)
                0x0000000008000e14                __fixunsdfsi
                0x0000000008000e14                __aeabi_d2uiz
 .text          0x0000000008000e54       0xa0 /home/aghosh01/STM32_AthenaPlayground/Athena/arm-none-eabi-gcc_5_4_BE/gcc-arm-none-eabi-5_4-2017q1_BE_LINUX/bin/../lib/gcc/arm-none-eabi/5.4.1/armv7e-m/fpu/libgcc.a(_arm_truncdfsf2.o)
                0x0000000008000e54                __aeabi_d2f
                0x0000000008000e54                __truncdfsf2
 .text          0x0000000008000ef4       0x30 /home/aghosh01/STM32_AthenaPlayground/Athena/arm-none-eabi-gcc_5_4_BE/gcc-arm-none-eabi-5_4-2017q1_BE_LINUX/bin/../lib/gcc/arm-none-eabi/5.4.1/armv7e-m/fpu/libgcc.a(_aeabi_uldivmod.o)
                0x0000000008000ef4                __aeabi_uldivmod
 .text          0x0000000008000f24      0x2e4 /home/aghosh01/STM32_AthenaPlayground/Athena/arm-none-eabi-gcc_5_4_BE/gcc-arm-none-eabi-5_4-2017q1_BE_LINUX/bin/../lib/gcc/arm-none-eabi/5.4.1/armv7e-m/fpu/libgcc.a(_udivmoddi4.o)
                0x0000000008000f24                __udivmoddi4
 .text          0x0000000008001208        0x4 /home/aghosh01/STM32_AthenaPlayground/Athena/arm-none-eabi-gcc_5_4_BE/gcc-arm-none-eabi-5_4-2017q1_BE_LINUX/bin/../lib/gcc/arm-none-eabi/5.4.1/armv7e-m/fpu/libgcc.a(_dvmd_tls.o)
                0x0000000008001208                __aeabi_ldiv0
                0x0000000008001208                __aeabi_idiv0
 *(.text*)
 .text.memset   0x000000000800120c       0x9c /home/aghosh01/STM32_AthenaPlayground/Athena/arm-none-eabi-gcc_5_4_BE/gcc-arm-none-eabi-5_4-2017q1_BE_LINUX/bin/../lib/gcc/arm-none-eabi/5.4.1/../../../../arm-none-eabi/lib/armv7e-m/fpu/libc.a(lib_a-memset.o)
                0x000000000800120c                memset
 .text.startup.register_fini
                0x00000000080012a8       0x14 /home/aghosh01/STM32_AthenaPlayground/Athena/arm-none-eabi-gcc_5_4_BE/gcc-arm-none-eabi-5_4-2017q1_BE_LINUX/bin/../lib/gcc/arm-none-eabi/5.4.1/../../../../arm-none-eabi/lib/armv7e-m/fpu/libc.a(lib_a-__call_atexit.o)
 .text.atexit   0x00000000080012bc        0xc /home/aghosh01/STM32_AthenaPlayground/Athena/arm-none-eabi-gcc_5_4_BE/gcc-arm-none-eabi-5_4-2017q1_BE_LINUX/bin/../lib/gcc/arm-none-eabi/5.4.1/../../../../arm-none-eabi/lib/armv7e-m/fpu/libc.a(lib_a-atexit.o)
                0x00000000080012bc                atexit
 .text.__libc_fini_array
                0x00000000080012c8       0x28 /home/aghosh01/STM32_AthenaPlayground/Athena/arm-none-eabi-gcc_5_4_BE/gcc-arm-none-eabi-5_4-2017q1_BE_LINUX/bin/../lib/gcc/arm-none-eabi/5.4.1/../../../../arm-none-eabi/lib/armv7e-m/fpu/libc.a(lib_a-fini.o)
                0x00000000080012c8                __libc_fini_array
 .text.__register_exitproc
                0x00000000080012f0       0xa4 /home/aghosh01/STM32_AthenaPlayground/Athena/arm-none-eabi-gcc_5_4_BE/gcc-arm-none-eabi-5_4-2017q1_BE_LINUX/bin/../lib/gcc/arm-none-eabi/5.4.1/../../../../arm-none-eabi/lib/armv7e-m/fpu/libc.a(lib_a-__atexit.o)
                0x00000000080012f0                __register_exitproc
 .text.HAL_GPIO_Init
                0x0000000008001394      0x1d8 ../Athena/arch/stm32/f3/src/stm32f3xx_hal_gpio.o
                0x0000000008001394                HAL_GPIO_Init
 .text.HAL_GPIO_ReadPin
                0x000000000800156c        0xc ../Athena/arch/stm32/f3/src/stm32f3xx_hal_gpio.o
                0x000000000800156c                HAL_GPIO_ReadPin
 .text.HAL_GPIO_WritePin
                0x0000000008001578        0xc ../Athena/arch/stm32/f3/src/stm32f3xx_hal_gpio.o
                0x0000000008001578                HAL_GPIO_WritePin
 .text.SPI_WaitFlagStateUntilTimeout.part.1
                0x0000000008001584       0x54 ../Athena/arch/stm32/f3/src/stm32f3xx_hal_spi.o
 .text.SPI_WaitFifoStateUntilTimeout.constprop.10
                0x00000000080015d8       0x48 ../Athena/arch/stm32/f3/src/stm32f3xx_hal_spi.o
 .text.SPI_WaitFlagStateUntilTimeout.constprop.11
                0x0000000008001620       0x30 ../Athena/arch/stm32/f3/src/stm32f3xx_hal_spi.o
 .text.SPI_EndRxTxTransaction
                0x0000000008001650       0x34 ../Athena/arch/stm32/f3/src/stm32f3xx_hal_spi.o
 .text.HAL_SPI_TransmitReceive.part.4
                0x0000000008001684      0x2ac ../Athena/arch/stm32/f3/src/stm32f3xx_hal_spi.o
 .text.HAL_SPI_Init
                0x0000000008001930       0xe4 ../Athena/arch/stm32/f3/src/stm32f3xx_hal_spi.o
                0x0000000008001930                HAL_SPI_Init
 .text.HAL_SPI_TransmitReceive
                0x0000000008001a14       0x18 ../Athena/arch/stm32/f3/src/stm32f3xx_hal_spi.o
                0x0000000008001a14                HAL_SPI_TransmitReceive
 .text.HAL_TIMEx_CommutationCallback
                0x0000000008001a2c        0x4 ../Athena/arch/stm32/f3/src/stm32f3xx_hal_tim_ex.o
                0x0000000008001a2c                HAL_TIMEx_CommutationCallback
 .text.HAL_TIMEx_BreakCallback
                0x0000000008001a30        0x4 ../Athena/arch/stm32/f3/src/stm32f3xx_hal_tim_ex.o
                0x0000000008001a30                HAL_TIMEx_BreakCallback
 .text.HAL_NVIC_SetPriority
                0x0000000008001a34       0x70 ../Athena/arch/stm32/f3/src/stm32f3xx_hal_cortex.o
                0x0000000008001a34                HAL_NVIC_SetPriority
 .text.HAL_NVIC_EnableIRQ
                0x0000000008001aa4       0x18 ../Athena/arch/stm32/f3/src/stm32f3xx_hal_cortex.o
                0x0000000008001aa4                HAL_NVIC_EnableIRQ
 .text.HAL_TIM_Base_Start
                0x0000000008001abc       0x20 ../Athena/arch/stm32/f3/src/stm32f3xx_hal_tim.o
                0x0000000008001abc                HAL_TIM_Base_Start
 .text.HAL_TIM_Base_Start_IT
                0x0000000008001adc       0x18 ../Athena/arch/stm32/f3/src/stm32f3xx_hal_tim.o
                0x0000000008001adc                HAL_TIM_Base_Start_IT
 .text.HAL_TIM_OC_DelayElapsedCallback
                0x0000000008001af4        0x4 ../Athena/arch/stm32/f3/src/stm32f3xx_hal_tim.o
                0x0000000008001af4                HAL_TIM_OC_DelayElapsedCallback
 .text.HAL_TIM_IC_CaptureCallback
                0x0000000008001af8        0x4 ../Athena/arch/stm32/f3/src/stm32f3xx_hal_tim.o
                0x0000000008001af8                HAL_TIM_IC_CaptureCallback
 .text.HAL_TIM_PWM_PulseFinishedCallback
                0x0000000008001afc        0x4 ../Athena/arch/stm32/f3/src/stm32f3xx_hal_tim.o
                0x0000000008001afc                HAL_TIM_PWM_PulseFinishedCallback
 .text.HAL_TIM_TriggerCallback
                0x0000000008001b00        0x4 ../Athena/arch/stm32/f3/src/stm32f3xx_hal_tim.o
                0x0000000008001b00                HAL_TIM_TriggerCallback
 .text.HAL_TIM_IRQHandler
                0x0000000008001b04      0x154 ../Athena/arch/stm32/f3/src/stm32f3xx_hal_tim.o
                0x0000000008001b04                HAL_TIM_IRQHandler
 .text.TIM_Base_SetConfig
                0x0000000008001c58       0xd8 ../Athena/arch/stm32/f3/src/stm32f3xx_hal_tim.o
                0x0000000008001c58                TIM_Base_SetConfig
 .text.HAL_TIM_Base_Init
                0x0000000008001d30       0x38 ../Athena/arch/stm32/f3/src/stm32f3xx_hal_tim.o
                0x0000000008001d30                HAL_TIM_Base_Init
 .text.HAL_UART_MspDeInit
                0x0000000008001d68        0x4 ../Athena/arch/stm32/f3/src/stm32f3xx_hal_uart.o
                0x0000000008001d68                HAL_UART_MspDeInit
 .text.HAL_UART_DeInit
                0x0000000008001d6c       0x38 ../Athena/arch/stm32/f3/src/stm32f3xx_hal_uart.o
                0x0000000008001d6c                HAL_UART_DeInit
 .text.UART_SetConfig
                0x0000000008001da4      0x270 ../Athena/arch/stm32/f3/src/stm32f3xx_hal_uart.o
                0x0000000008001da4                UART_SetConfig
 .text.UART_AdvFeatureConfig
                0x0000000008002014       0xb0 ../Athena/arch/stm32/f3/src/stm32f3xx_hal_uart.o
                0x0000000008002014                UART_AdvFeatureConfig
 .text.UART_WaitOnFlagUntilTimeout
                0x00000000080020c4       0x68 ../Athena/arch/stm32/f3/src/stm32f3xx_hal_uart.o
                0x00000000080020c4                UART_WaitOnFlagUntilTimeout
 .text.UART_CheckIdleState
                0x000000000800212c       0x70 ../Athena/arch/stm32/f3/src/stm32f3xx_hal_uart.o
                0x000000000800212c                UART_CheckIdleState
 .text.HAL_UART_Init
                0x000000000800219c       0x6c ../Athena/arch/stm32/f3/src/stm32f3xx_hal_uart.o
                0x000000000800219c                HAL_UART_Init
 .text.I2C_WaitOnFlagUntilTimeout
                0x0000000008002208       0x50 ../Athena/arch/stm32/f3/src/stm32f3xx_hal_i2c.o
 .text.I2C_IsAcknowledgeFailed.part.0
                0x0000000008002258       0x7c ../Athena/arch/stm32/f3/src/stm32f3xx_hal_i2c.o
 .text.I2C_WaitOnTXISFlagUntilTimeout
                0x00000000080022d4       0x58 ../Athena/arch/stm32/f3/src/stm32f3xx_hal_i2c.o
 .text.I2C_RequestMemoryWrite
                0x000000000800232c       0x90 ../Athena/arch/stm32/f3/src/stm32f3xx_hal_i2c.o
 .text.I2C_RequestMemoryRead
                0x00000000080023bc       0x78 ../Athena/arch/stm32/f3/src/stm32f3xx_hal_i2c.o
 .text.I2C_WaitOnSTOPFlagUntilTimeout
                0x0000000008002434       0x54 ../Athena/arch/stm32/f3/src/stm32f3xx_hal_i2c.o
 .text.HAL_I2C_Init
                0x0000000008002488       0xac ../Athena/arch/stm32/f3/src/stm32f3xx_hal_i2c.o
                0x0000000008002488                HAL_I2C_Init
 .text.HAL_I2C_Mem_Write
                0x0000000008002534      0x1c8 ../Athena/arch/stm32/f3/src/stm32f3xx_hal_i2c.o
                0x0000000008002534                HAL_I2C_Mem_Write
 .text.HAL_I2C_Mem_Read
                0x00000000080026fc      0x1d8 ../Athena/arch/stm32/f3/src/stm32f3xx_hal_i2c.o
                0x00000000080026fc                HAL_I2C_Mem_Read
 .text.HAL_InitTick
                0x00000000080028d4       0x88 ../Athena/arch/stm32/f3/src/stm32f3xx_hal_timebase_tim.o
                0x00000000080028d4                HAL_InitTick
 .text.HAL_TIM_PeriodElapsedCallback
                0x000000000800295c        0x4 ../Athena/arch/stm32/f3/src/stm32f3xx_hal_timebase_tim.o
                0x000000000800295c                HAL_TIM_PeriodElapsedCallback
 .text.TIM6_DAC_IRQHandler
                0x0000000008002960        0xc ../Athena/arch/stm32/f3/src/stm32f3xx_hal_timebase_tim.o
                0x0000000008002960                TIM6_DAC_IRQHandler
 .text.HAL_RCC_OscConfig
                0x000000000800296c      0x5ac ../Athena/arch/stm32/f3/src/stm32f3xx_hal_rcc.o
                0x000000000800296c                HAL_RCC_OscConfig
 .text.HAL_RCC_GetSysClockFreq
                0x0000000008002f18       0x6c ../Athena/arch/stm32/f3/src/stm32f3xx_hal_rcc.o
                0x0000000008002f18                HAL_RCC_GetSysClockFreq
 .text.HAL_RCC_ClockConfig
                0x0000000008002f84      0x18c ../Athena/arch/stm32/f3/src/stm32f3xx_hal_rcc.o
                0x0000000008002f84                HAL_RCC_ClockConfig
 .text.HAL_RCC_GetPCLK1Freq
                0x0000000008003110       0x30 ../Athena/arch/stm32/f3/src/stm32f3xx_hal_rcc.o
                0x0000000008003110                HAL_RCC_GetPCLK1Freq
 .text.HAL_RCC_GetPCLK2Freq
                0x0000000008003140       0x30 ../Athena/arch/stm32/f3/src/stm32f3xx_hal_rcc.o
                0x0000000008003140                HAL_RCC_GetPCLK2Freq
 .text.HAL_RCC_GetClockConfig
                0x0000000008003170       0x44 ../Athena/arch/stm32/f3/src/stm32f3xx_hal_rcc.o
                0x0000000008003170                HAL_RCC_GetClockConfig
 .text.HAL_GetTick
                0x00000000080031b4        0xc ../Athena/arch/stm32/f3/src/stm32f3xx_hal.o
                0x00000000080031b4                HAL_GetTick
 .text.SystemInit
                0x00000000080031c0       0x70 ../Athena/arch/stm32/f3/src/CMSIS/system_stm32f3xx.o
                0x00000000080031c0                SystemInit
 .text.Reset_Handler
                0x0000000008003230       0x44 ../Athena/arch/stm32/f3/src/CMSIS/startup_stm32f303xc.o
                0x0000000008003230                Reset_Handler
 .text.Default_Handler
                0x0000000008003274        0x2 ../Athena/arch/stm32/f3/src/CMSIS/startup_stm32f303xc.o
                0x0000000008003274                RTC_Alarm_IRQHandler
                0x0000000008003274                TIM8_TRG_COM_IRQHandler
                0x0000000008003274                TIM8_CC_IRQHandler
                0x0000000008003274                DebugMon_Handler
                0x0000000008003274                TIM1_CC_IRQHandler
                0x0000000008003274                HardFault_Handler
                0x0000000008003274                USB_HP_IRQHandler
                0x0000000008003274                SysTick_Handler
                0x0000000008003274                PVD_IRQHandler
                0x0000000008003274                TAMP_STAMP_IRQHandler
                0x0000000008003274                PendSV_Handler
                0x0000000008003274                NMI_Handler
                0x0000000008003274                EXTI3_IRQHandler
                0x0000000008003274                USB_HP_CAN_TX_IRQHandler
                0x0000000008003274                EXTI0_IRQHandler
                0x0000000008003274                I2C2_EV_IRQHandler
                0x0000000008003274                FPU_IRQHandler
                0x0000000008003274                TIM1_UP_TIM16_IRQHandler
                0x0000000008003274                UsageFault_Handler
                0x0000000008003274                ADC1_2_IRQHandler
                0x0000000008003274                SPI1_IRQHandler
                0x0000000008003274                CAN_SCE_IRQHandler
                0x0000000008003274                TIM8_UP_IRQHandler
                0x0000000008003274                DMA2_Channel2_IRQHandler
                0x0000000008003274                DMA1_Channel4_IRQHandler
                0x0000000008003274                USART3_IRQHandler
                0x0000000008003274                DMA1_Channel7_IRQHandler
                0x0000000008003274                UART5_IRQHandler
                0x0000000008003274                ADC3_IRQHandler
                0x0000000008003274                TIM4_IRQHandler
                0x0000000008003274                CAN_RX1_IRQHandler
                0x0000000008003274                DMA2_Channel1_IRQHandler
                0x0000000008003274                I2C1_EV_IRQHandler
                0x0000000008003274                DMA1_Channel6_IRQHandler
                0x0000000008003274                UART4_IRQHandler
                0x0000000008003274                DMA2_Channel4_IRQHandler
                0x0000000008003274                TIM3_IRQHandler
                0x0000000008003274                RCC_IRQHandler
                0x0000000008003274                DMA1_Channel1_IRQHandler
                0x0000000008003274                Default_Handler
                0x0000000008003274                USBWakeUp_RMP_IRQHandler
                0x0000000008003274                EXTI15_10_IRQHandler
                0x0000000008003274                TIM7_IRQHandler
                0x0000000008003274                EXTI9_5_IRQHandler
                0x0000000008003274                RTC_WKUP_IRQHandler
                0x0000000008003274                SPI2_IRQHandler
                0x0000000008003274                USB_LP_CAN_RX0_IRQHandler
                0x0000000008003274                MemManage_Handler
                0x0000000008003274                SVC_Handler
                0x0000000008003274                DMA2_Channel5_IRQHandler
                0x0000000008003274                DMA1_Channel5_IRQHandler
                0x0000000008003274                USB_LP_IRQHandler
                0x0000000008003274                EXTI4_IRQHandler
                0x0000000008003274                TIM1_TRG_COM_TIM17_IRQHandler
                0x0000000008003274                DMA1_Channel3_IRQHandler
                0x0000000008003274                ADC4_IRQHandler
                0x0000000008003274                WWDG_IRQHandler
                0x0000000008003274                TIM2_IRQHandler
                0x0000000008003274                COMP7_IRQHandler
                0x0000000008003274                COMP1_2_3_IRQHandler
                0x0000000008003274                EXTI1_IRQHandler
                0x0000000008003274                USART2_IRQHandler
                0x0000000008003274                COMP4_5_6_IRQHandler
                0x0000000008003274                I2C2_ER_IRQHandler
                0x0000000008003274                DMA1_Channel2_IRQHandler
                0x0000000008003274                TIM8_BRK_IRQHandler
                0x0000000008003274                FLASH_IRQHandler
                0x0000000008003274                BusFault_Handler
                0x0000000008003274                USART1_IRQHandler
                0x0000000008003274                SPI3_IRQHandler
                0x0000000008003274                I2C1_ER_IRQHandler
                0x0000000008003274                USBWakeUp_IRQHandler
                0x0000000008003274                DMA2_Channel3_IRQHandler
                0x0000000008003274                EXTI2_TSC_IRQHandler
                0x0000000008003274                TIM1_BRK_TIM15_IRQHandler
 *fill*         0x0000000008003276        0x2 
 .text.shell_clear
                0x0000000008003278        0x4 f3_shell_demo.o
                0x0000000008003278                shell_clear
 .text.ledcontrol
                0x000000000800327c       0x80 f3_shell_demo.o
                0x000000000800327c                ledcontrol
 .text.watch    0x00000000080032fc       0x20 f3_shell_demo.o
                0x00000000080032fc                watch
 .text.run_comp_filter
                0x000000000800331c      0x120 f3_shell_demo.o
                0x000000000800331c                run_comp_filter
 *fill*         0x000000000800343c        0x4 
 .text.run_madgwick
                0x0000000008003440      0x148 f3_shell_demo.o
                0x0000000008003440                run_madgwick
 .text.HAL_IncTick
                0x0000000008003588       0x10 f3_shell_demo.o
                0x0000000008003588                HAL_IncTick
 .text.startup.main
                0x0000000008003598      0x100 f3_shell_demo.o
                0x0000000008003598                main
 .text.uart_debug_init
                0x0000000008003698        0x8 user_source/uart.o
                0x0000000008003698                uart_debug_init
 .text.uart_get_byte_blocking
                0x00000000080036a0        0x4 user_source/uart.o
                0x00000000080036a0                uart_get_byte_blocking
 .text.uart_send_byte_blocking
                0x00000000080036a4        0x4 user_source/uart.o
                0x00000000080036a4                uart_send_byte_blocking
 .text.MadgwickAHRSupdateIMU
                0x00000000080036a8      0x368 user_source/MadgwickAHRS.o
                0x00000000080036a8                MadgwickAHRSupdateIMU
 .text.MadgwickAHRSupdate
                0x0000000008003a10      0x740 user_source/MadgwickAHRS.o
                0x0000000008003a10                MadgwickAHRSupdate
 .text.set_sampleFreq
                0x0000000008004150        0xc user_source/MadgwickAHRS.o
                0x0000000008004150                set_sampleFreq
 .text.set_beta
                0x000000000800415c        0xc user_source/MadgwickAHRS.o
                0x000000000800415c                set_beta
 .text.get_attitude_quaternion
                0x0000000008004168       0x20 user_source/MadgwickAHRS.o
                0x0000000008004168                get_attitude_quaternion
 .text.get_scaled_imu_data
                0x0000000008004188      0x32c user_source/imu.o
                0x0000000008004188                get_scaled_imu_data
 .text.timekeeper_increment_timebase.part.0
                0x00000000080044b4       0x2c user_source/timekeeper.o
 .text.timekeeper_setup
                0x00000000080044e0       0x48 user_source/timekeeper.o
                0x00000000080044e0                timekeeper_setup
 .text.flag_scheduler_callback
                0x0000000008004528       0x60 user_source/timekeeper.o
                0x0000000008004528                flag_scheduler_callback
 .text.create_flag
                0x0000000008004588       0x54 user_source/timekeeper.o
                0x0000000008004588                create_flag
 .text.get_flag_state
                0x00000000080045dc       0x20 user_source/timekeeper.o
                0x00000000080045dc                get_flag_state
 .text.reset_flag
                0x00000000080045fc       0x24 user_source/timekeeper.o
                0x00000000080045fc                reset_flag
 .text.timekeeper_callback
                0x0000000008004620       0x6c user_source/timekeeper.o
                0x0000000008004620                timekeeper_callback
 .text.timekeeper_get_time
                0x000000000800468c       0x58 user_source/timekeeper.o
                0x000000000800468c                timekeeper_get_time
 .text.timekeeper_reset_time
                0x00000000080046e4       0x10 user_source/timekeeper.o
                0x00000000080046e4                timekeeper_reset_time
 .text.show_help
                0x00000000080046f4       0x34 user_source/system_shell.o
                0x00000000080046f4                show_help
 .text.strip_newline
                0x0000000008004728       0x2c user_source/system_shell.o
 .text.getline  0x0000000008004754       0xcc user_source/system_shell.o
                0x0000000008004754                getline
 .text.clear_buffer
                0x0000000008004820       0x28 user_source/system_shell.o
                0x0000000008004820                clear_buffer
 .text.run_cmd  0x0000000008004848       0x50 user_source/system_shell.o
                0x0000000008004848                run_cmd
 .text.install_cmd
                0x0000000008004898       0x38 user_source/system_shell.o
                0x0000000008004898                install_cmd
 .text.setup_system_shell
                0x00000000080048d0       0xcc user_source/system_shell.o
                0x00000000080048d0                setup_system_shell
 .text.shell_run
                0x000000000800499c      0x12c user_source/system_shell.o
                0x000000000800499c                shell_run
 .text.init_complementary_filter
                0x0000000008004ac8       0x70 user_source/complementary_filter.o
                0x0000000008004ac8                init_complementary_filter
 .text.update_complementary_filter
                0x0000000008004b38      0x19c user_source/complementary_filter.o
                0x0000000008004b38                update_complementary_filter
 .text.radians_to_degrees
                0x0000000008004cd4       0x1c user_source/complementary_filter.o
                0x0000000008004cd4                radians_to_degrees
 .text.init_madgwick
                0x0000000008004cf0       0x6c user_source/madgwick_wrapper.o
                0x0000000008004cf0                init_madgwick
 .text.quaternionToEuler
                0x0000000008004d5c       0xa0 user_source/madgwick_wrapper.o
                0x0000000008004d5c                quaternionToEuler
 .text.update_madgwick
                0x0000000008004dfc       0x3c user_source/madgwick_wrapper.o
                0x0000000008004dfc                update_madgwick
 .text.madgwick_get_attitude
                0x0000000008004e38       0x18 user_source/madgwick_wrapper.o
                0x0000000008004e38                madgwick_get_attitude
 .text.HAL_UART_MspInit
                0x0000000008004e50       0x78 user_source/hal_interface/cube_hal_msp.o
                0x0000000008004e50                HAL_UART_MspInit
 .text.HAL_I2C_MspInit
                0x0000000008004ec8       0x60 user_source/hal_interface/cube_hal_msp.o
                0x0000000008004ec8                HAL_I2C_MspInit
 .text.HAL_SPI_MspInit
                0x0000000008004f28       0x94 user_source/hal_interface/cube_hal_msp.o
                0x0000000008004f28                HAL_SPI_MspInit
 .text.HAL_TIM_Base_MspInit
                0x0000000008004fbc       0x2c user_source/hal_interface/cube_hal_msp.o
                0x0000000008004fbc                HAL_TIM_Base_MspInit
 .text.cpu_init
                0x0000000008004fe8       0x4c user_source/hal_interface/cpu_hal_interface.o
                0x0000000008004fe8                cpu_init
 .text.board_button_init
                0x0000000008005034       0x40 user_source/hal_interface/button.o
                0x0000000008005034                board_button_init
 .text.board_button_pressed
                0x0000000008005074       0x20 user_source/hal_interface/button.o
                0x0000000008005074                board_button_pressed
 .text.spi_write_to_l3gd20_register
                0x0000000008005094       0x4c user_source/hal_interface/imu_hal.o
 .text.initialize_imu
                0x00000000080050e0      0x1e8 user_source/hal_interface/imu_hal.o
                0x00000000080050e0                initialize_imu
 .text.get_raw_imu_data
                0x00000000080052c8      0x164 user_source/hal_interface/imu_hal.o
                0x00000000080052c8                get_raw_imu_data
 .text._close   0x000000000800542c        0x8 user_source/hal_interface/newlib_stubs.o
                0x000000000800542c                _close
 .text._fstat   0x0000000008005434        0xc user_source/hal_interface/newlib_stubs.o
                0x0000000008005434                _fstat
 .text._isatty  0x0000000008005440       0x18 user_source/hal_interface/newlib_stubs.o
                0x0000000008005440                _isatty
 .text._lseek   0x0000000008005458        0x4 user_source/hal_interface/newlib_stubs.o
                0x0000000008005458                _lseek
 .text._read    0x000000000800545c       0x34 user_source/hal_interface/newlib_stubs.o
                0x000000000800545c                _read
 .text._write   0x0000000008005490       0x50 user_source/hal_interface/newlib_stubs.o
                0x0000000008005490                _write
 .text._sbrk    0x00000000080054e0       0x48 user_source/hal_interface/newlib_stubs.o
                0x00000000080054e0                _sbrk
 .text.timekeeper_hal_setup
                0x0000000008005528       0x38 user_source/hal_interface/timekeeper_hal.o
                0x0000000008005528                timekeeper_hal_setup
 .text.timekeeper_hal_callback
                0x0000000008005560        0x4 user_source/hal_interface/timekeeper_hal.o
                0x0000000008005560                timekeeper_hal_callback
 .text.timekeeper_hal_get_micros
                0x0000000008005564        0xc user_source/hal_interface/timekeeper_hal.o
                0x0000000008005564                timekeeper_hal_get_micros
 .text.timekeeper_hal_reset_micros
                0x0000000008005570       0x10 user_source/hal_interface/timekeeper_hal.o
                0x0000000008005570                timekeeper_hal_reset_micros
 .text.uart_hal_init
                0x0000000008005580       0x40 user_source/hal_interface/uart_hal.o
                0x0000000008005580                uart_hal_init
 .text.uart_hal_send_byte_blocking
                0x00000000080055c0       0x18 user_source/hal_interface/uart_hal.o
                0x00000000080055c0                uart_hal_send_byte_blocking
 .text.uart_hal_get_byte_blocking
                0x00000000080055d8       0x1c user_source/hal_interface/uart_hal.o
                0x00000000080055d8                uart_hal_get_byte_blocking
 .text.board_led_init
                0x00000000080055f4       0x44 user_source/hal_interface/board_led.o
                0x00000000080055f4                board_led_init
 .text.board_led_on
                0x0000000008005638       0x24 user_source/hal_interface/board_led.o
                0x0000000008005638                board_led_on
 .text.board_led_off
                0x000000000800565c       0x24 user_source/hal_interface/board_led.o
                0x000000000800565c                board_led_off
 .text.cosf     0x0000000008005680       0x90 /home/aghosh01/STM32_AthenaPlayground/Athena/arm-none-eabi-gcc_5_4_BE/gcc-arm-none-eabi-5_4-2017q1_BE_LINUX/bin/../lib/gcc/arm-none-eabi/5.4.1/../../../../arm-none-eabi/lib/armv7e-m/fpu/libm.a(lib_a-sf_cos.o)
                0x0000000008005680                cosf
 .text.sqrt     0x0000000008005710       0xc0 /home/aghosh01/STM32_AthenaPlayground/Athena/arm-none-eabi-gcc_5_4_BE/gcc-arm-none-eabi-5_4-2017q1_BE_LINUX/bin/../lib/gcc/arm-none-eabi/5.4.1/../../../../arm-none-eabi/lib/armv7e-m/fpu/libm.a(lib_a-w_sqrt.o)
                0x0000000008005710                sqrt
 .text.asinf    0x00000000080057d0       0xc0 /home/aghosh01/STM32_AthenaPlayground/Athena/arm-none-eabi-gcc_5_4_BE/gcc-arm-none-eabi-5_4-2017q1_BE_LINUX/bin/../lib/gcc/arm-none-eabi/5.4.1/../../../../arm-none-eabi/lib/armv7e-m/fpu/libm.a(lib_a-wf_asin.o)
                0x00000000080057d0                asinf
 .text.atan2f   0x0000000008005890        0x4 /home/aghosh01/STM32_AthenaPlayground/Athena/arm-none-eabi-gcc_5_4_BE/gcc-arm-none-eabi-5_4-2017q1_BE_LINUX/bin/../lib/gcc/arm-none-eabi/5.4.1/../../../../arm-none-eabi/lib/armv7e-m/fpu/libm.a(lib_a-wf_atan2.o)
                0x0000000008005890                atan2f
 .text.sqrtf    0x0000000008005894       0xac /home/aghosh01/STM32_AthenaPlayground/Athena/arm-none-eabi-gcc_5_4_BE/gcc-arm-none-eabi-5_4-2017q1_BE_LINUX/bin/../lib/gcc/arm-none-eabi/5.4.1/../../../../arm-none-eabi/lib/armv7e-m/fpu/libm.a(lib_a-wf_sqrt.o)
                0x0000000008005894                sqrtf
 .text.__ieee754_sqrt
                0x0000000008005940      0x1a0 /home/aghosh01/STM32_AthenaPlayground/Athena/arm-none-eabi-gcc_5_4_BE/gcc-arm-none-eabi-5_4-2017q1_BE_LINUX/bin/../lib/gcc/arm-none-eabi/5.4.1/../../../../arm-none-eabi/lib/armv7e-m/fpu/libm.a(lib_a-e_sqrt.o)
                0x0000000008005940                __ieee754_sqrt
 .text.__ieee754_asinf
                0x0000000008005ae0      0x1f8 /home/aghosh01/STM32_AthenaPlayground/Athena/arm-none-eabi-gcc_5_4_BE/gcc-arm-none-eabi-5_4-2017q1_BE_LINUX/bin/../lib/gcc/arm-none-eabi/5.4.1/../../../../arm-none-eabi/lib/armv7e-m/fpu/libm.a(lib_a-ef_asin.o)
                0x0000000008005ae0                __ieee754_asinf
 .text.__ieee754_atan2f
                0x0000000008005cd8      0x16c /home/aghosh01/STM32_AthenaPlayground/Athena/arm-none-eabi-gcc_5_4_BE/gcc-arm-none-eabi-5_4-2017q1_BE_LINUX/bin/../lib/gcc/arm-none-eabi/5.4.1/../../../../arm-none-eabi/lib/armv7e-m/fpu/libm.a(lib_a-ef_atan2.o)
                0x0000000008005cd8                __ieee754_atan2f
 .text.__ieee754_rem_pio2f
                0x0000000008005e44      0x298 /home/aghosh01/STM32_AthenaPlayground/Athena/arm-none-eabi-gcc_5_4_BE/gcc-arm-none-eabi-5_4-2017q1_BE_LINUX/bin/../lib/gcc/arm-none-eabi/5.4.1/../../../../arm-none-eabi/lib/armv7e-m/fpu/libm.a(lib_a-ef_rem_pio2.o)
                0x0000000008005e44                __ieee754_rem_pio2f
 .text.__ieee754_sqrtf
                0x00000000080060dc       0xa4 /home/aghosh01/STM32_AthenaPlayground/Athena/arm-none-eabi-gcc_5_4_BE/gcc-arm-none-eabi-5_4-2017q1_BE_LINUX/bin/../lib/gcc/arm-none-eabi/5.4.1/../../../../arm-none-eabi/lib/armv7e-m/fpu/libm.a(lib_a-ef_sqrt.o)
                0x00000000080060dc                __ieee754_sqrtf
 .text.__kernel_cosf
                0x0000000008006180      0x104 /home/aghosh01/STM32_AthenaPlayground/Athena/arm-none-eabi-gcc_5_4_BE/gcc-arm-none-eabi-5_4-2017q1_BE_LINUX/bin/../lib/gcc/arm-none-eabi/5.4.1/../../../../arm-none-eabi/lib/armv7e-m/fpu/libm.a(lib_a-kf_cos.o)
                0x0000000008006180                __kernel_cosf
 .text.__kernel_rem_pio2f
                0x0000000008006284      0x630 /home/aghosh01/STM32_AthenaPlayground/Athena/arm-none-eabi-gcc_5_4_BE/gcc-arm-none-eabi-5_4-2017q1_BE_LINUX/bin/../lib/gcc/arm-none-eabi/5.4.1/../../../../arm-none-eabi/lib/armv7e-m/fpu/libm.a(lib_a-kf_rem_pio2.o)
                0x0000000008006284                __kernel_rem_pio2f
 .text.__kernel_sinf
                0x00000000080068b4       0x90 /home/aghosh01/STM32_AthenaPlayground/Athena/arm-none-eabi-gcc_5_4_BE/gcc-arm-none-eabi-5_4-2017q1_BE_LINUX/bin/../lib/gcc/arm-none-eabi/5.4.1/../../../../arm-none-eabi/lib/armv7e-m/fpu/libm.a(lib_a-kf_sin.o)
                0x00000000080068b4                __kernel_sinf
 .text.matherr  0x0000000008006944        0x4 /home/aghosh01/STM32_AthenaPlayground/Athena/arm-none-eabi-gcc_5_4_BE/gcc-arm-none-eabi-5_4-2017q1_BE_LINUX/bin/../lib/gcc/arm-none-eabi/5.4.1/../../../../arm-none-eabi/lib/armv7e-m/fpu/libm.a(lib_a-s_matherr.o)
                0x0000000008006944                matherr
 .text.nan      0x0000000008006948       0x10 /home/aghosh01/STM32_AthenaPlayground/Athena/arm-none-eabi-gcc_5_4_BE/gcc-arm-none-eabi-5_4-2017q1_BE_LINUX/bin/../lib/gcc/arm-none-eabi/5.4.1/../../../../arm-none-eabi/lib/armv7e-m/fpu/libm.a(lib_a-s_nan.o)
                0x0000000008006948                nan
 .text.atanf    0x0000000008006958      0x1b8 /home/aghosh01/STM32_AthenaPlayground/Athena/arm-none-eabi-gcc_5_4_BE/gcc-arm-none-eabi-5_4-2017q1_BE_LINUX/bin/../lib/gcc/arm-none-eabi/5.4.1/../../../../arm-none-eabi/lib/armv7e-m/fpu/libm.a(lib_a-sf_atan.o)
                0x0000000008006958                atanf
 .text.fabsf    0x0000000008006b10       0x10 /home/aghosh01/STM32_AthenaPlayground/Athena/arm-none-eabi-gcc_5_4_BE/gcc-arm-none-eabi-5_4-2017q1_BE_LINUX/bin/../lib/gcc/arm-none-eabi/5.4.1/../../../../arm-none-eabi/lib/armv7e-m/fpu/libm.a(lib_a-sf_fabs.o)
                0x0000000008006b10                fabsf
 .text.floorf   0x0000000008006b20       0x90 /home/aghosh01/STM32_AthenaPlayground/Athena/arm-none-eabi-gcc_5_4_BE/gcc-arm-none-eabi-5_4-2017q1_BE_LINUX/bin/../lib/gcc/arm-none-eabi/5.4.1/../../../../arm-none-eabi/lib/armv7e-m/fpu/libm.a(lib_a-sf_floor.o)
                0x0000000008006b20                floorf
 .text.scalbnf  0x0000000008006bb0       0xd0 /home/aghosh01/STM32_AthenaPlayground/Athena/arm-none-eabi-gcc_5_4_BE/gcc-arm-none-eabi-5_4-2017q1_BE_LINUX/bin/../lib/gcc/arm-none-eabi/5.4.1/../../../../arm-none-eabi/lib/armv7e-m/fpu/libm.a(lib_a-sf_scalbn.o)
                0x0000000008006bb0                scalbnf
 .text.copysignf
                0x0000000008006c80       0x18 /home/aghosh01/STM32_AthenaPlayground/Athena/arm-none-eabi-gcc_5_4_BE/gcc-arm-none-eabi-5_4-2017q1_BE_LINUX/bin/../lib/gcc/arm-none-eabi/5.4.1/../../../../arm-none-eabi/lib/armv7e-m/fpu/libm.a(lib_a-sf_copysign.o)
                0x0000000008006c80                copysignf
 .text.__errno  0x0000000008006c98        0xc /home/aghosh01/STM32_AthenaPlayground/Athena/arm-none-eabi-gcc_5_4_BE/gcc-arm-none-eabi-5_4-2017q1_BE_LINUX/bin/../lib/gcc/arm-none-eabi/5.4.1/../../../../arm-none-eabi/lib/armv7e-m/fpu/libc.a(lib_a-errno.o)
                0x0000000008006c98                __errno
 .text.malloc   0x0000000008006ca4       0x10 /home/aghosh01/STM32_AthenaPlayground/Athena/arm-none-eabi-gcc_5_4_BE/gcc-arm-none-eabi-5_4-2017q1_BE_LINUX/bin/../lib/gcc/arm-none-eabi/5.4.1/../../../../arm-none-eabi/lib/armv7e-m/fpu/libc.a(lib_a-malloc.o)
                0x0000000008006ca4                malloc
 .text.free     0x0000000008006cb4       0x10 /home/aghosh01/STM32_AthenaPlayground/Athena/arm-none-eabi-gcc_5_4_BE/gcc-arm-none-eabi-5_4-2017q1_BE_LINUX/bin/../lib/gcc/arm-none-eabi/5.4.1/../../../../arm-none-eabi/lib/armv7e-m/fpu/libc.a(lib_a-malloc.o)
                0x0000000008006cb4                free
 .text._malloc_r
                0x0000000008006cc4      0x570 /home/aghosh01/STM32_AthenaPlayground/Athena/arm-none-eabi-gcc_5_4_BE/gcc-arm-none-eabi-5_4-2017q1_BE_LINUX/bin/../lib/gcc/arm-none-eabi/5.4.1/../../../../arm-none-eabi/lib/armv7e-m/fpu/libc.a(lib_a-mallocr.o)
                0x0000000008006cc4                _malloc_r
 .text.__malloc_lock
                0x0000000008007234        0x4 /home/aghosh01/STM32_AthenaPlayground/Athena/arm-none-eabi-gcc_5_4_BE/gcc-arm-none-eabi-5_4-2017q1_BE_LINUX/bin/../lib/gcc/arm-none-eabi/5.4.1/../../../../arm-none-eabi/lib/armv7e-m/fpu/libc.a(lib_a-mlock.o)
                0x0000000008007234                __malloc_lock
 .text.__malloc_unlock
                0x0000000008007238        0x4 /home/aghosh01/STM32_AthenaPlayground/Athena/arm-none-eabi-gcc_5_4_BE/gcc-arm-none-eabi-5_4-2017q1_BE_LINUX/bin/../lib/gcc/arm-none-eabi/5.4.1/../../../../arm-none-eabi/lib/armv7e-m/fpu/libc.a(lib_a-mlock.o)
                0x0000000008007238                __malloc_unlock
 .text.printf   0x000000000800723c       0x28 /home/aghosh01/STM32_AthenaPlayground/Athena/arm-none-eabi-gcc_5_4_BE/gcc-arm-none-eabi-5_4-2017q1_BE_LINUX/bin/../lib/gcc/arm-none-eabi/5.4.1/../../../../arm-none-eabi/lib/armv7e-m/fpu/libc.a(lib_a-printf.o)
                0x000000000800723c                printf
 .text.putchar  0x0000000008007264       0x14 /home/aghosh01/STM32_AthenaPlayground/Athena/arm-none-eabi-gcc_5_4_BE/gcc-arm-none-eabi-5_4-2017q1_BE_LINUX/bin/../lib/gcc/arm-none-eabi/5.4.1/../../../../arm-none-eabi/lib/armv7e-m/fpu/libc.a(lib_a-putchar.o)
                0x0000000008007264                putchar
 .text._puts_r  0x0000000008007278       0x68 /home/aghosh01/STM32_AthenaPlayground/Athena/arm-none-eabi-gcc_5_4_BE/gcc-arm-none-eabi-5_4-2017q1_BE_LINUX/bin/../lib/gcc/arm-none-eabi/5.4.1/../../../../arm-none-eabi/lib/armv7e-m/fpu/libc.a(lib_a-puts.o)
                0x0000000008007278                _puts_r
 .text.puts     0x00000000080072e0       0x10 /home/aghosh01/STM32_AthenaPlayground/Athena/arm-none-eabi-gcc_5_4_BE/gcc-arm-none-eabi-5_4-2017q1_BE_LINUX/bin/../lib/gcc/arm-none-eabi/5.4.1/../../../../arm-none-eabi/lib/armv7e-m/fpu/libc.a(lib_a-puts.o)
                0x00000000080072e0                puts
 .text.realloc  0x00000000080072f0       0x10 /home/aghosh01/STM32_AthenaPlayground/Athena/arm-none-eabi-gcc_5_4_BE/gcc-arm-none-eabi-5_4-2017q1_BE_LINUX/bin/../lib/gcc/arm-none-eabi/5.4.1/../../../../arm-none-eabi/lib/armv7e-m/fpu/libc.a(lib_a-realloc.o)
                0x00000000080072f0                realloc
 .text._realloc_r
                0x0000000008007300      0x3e0 /home/aghosh01/STM32_AthenaPlayground/Athena/arm-none-eabi-gcc_5_4_BE/gcc-arm-none-eabi-5_4-2017q1_BE_LINUX/bin/../lib/gcc/arm-none-eabi/5.4.1/../../../../arm-none-eabi/lib/armv7e-m/fpu/libc.a(lib_a-reallocr.o)
                0x0000000008007300                _realloc_r
 .text.__srget_r
                0x00000000080076e0       0x34 /home/aghosh01/STM32_AthenaPlayground/Athena/arm-none-eabi-gcc_5_4_BE/gcc-arm-none-eabi-5_4-2017q1_BE_LINUX/bin/../lib/gcc/arm-none-eabi/5.4.1/../../../../arm-none-eabi/lib/armv7e-m/fpu/libc.a(lib_a-rget.o)
                0x00000000080076e0                __srget_r
 .text._sbrk_r  0x0000000008007714       0x24 /home/aghosh01/STM32_AthenaPlayground/Athena/arm-none-eabi-gcc_5_4_BE/gcc-arm-none-eabi-5_4-2017q1_BE_LINUX/bin/../lib/gcc/arm-none-eabi/5.4.1/../../../../arm-none-eabi/lib/armv7e-m/fpu/libc.a(lib_a-sbrkr.o)
                0x0000000008007714                _sbrk_r
 .text.scanf    0x0000000008007738       0x28 /home/aghosh01/STM32_AthenaPlayground/Athena/arm-none-eabi-gcc_5_4_BE/gcc-arm-none-eabi-5_4-2017q1_BE_LINUX/bin/../lib/gcc/arm-none-eabi/5.4.1/../../../../arm-none-eabi/lib/armv7e-m/fpu/libc.a(lib_a-scanf.o)
                0x0000000008007738                scanf
 .text.setvbuf  0x0000000008007760      0x150 /home/aghosh01/STM32_AthenaPlayground/Athena/arm-none-eabi-gcc_5_4_BE/gcc-arm-none-eabi-5_4-2017q1_BE_LINUX/bin/../lib/gcc/arm-none-eabi/5.4.1/../../../../arm-none-eabi/lib/armv7e-m/fpu/libc.a(lib_a-setvbuf.o)
                0x0000000008007760                setvbuf
 .text.strcpy   0x00000000080078b0       0xbc /home/aghosh01/STM32_AthenaPlayground/Athena/arm-none-eabi-gcc_5_4_BE/gcc-arm-none-eabi-5_4-2017q1_BE_LINUX/bin/../lib/gcc/arm-none-eabi/5.4.1/../../../../arm-none-eabi/lib/armv7e-m/fpu/libc.a(lib_a-strcpy.o)
                0x00000000080078b0                strcpy
 .text.strncmp  0x000000000800796c       0xa0 /home/aghosh01/STM32_AthenaPlayground/Athena/arm-none-eabi-gcc_5_4_BE/gcc-arm-none-eabi-5_4-2017q1_BE_LINUX/bin/../lib/gcc/arm-none-eabi/5.4.1/../../../../arm-none-eabi/lib/armv7e-m/fpu/libc.a(lib_a-strncmp.o)
                0x000000000800796c                strncmp
 .text.strtok   0x0000000008007a0c       0x10 /home/aghosh01/STM32_AthenaPlayground/Athena/arm-none-eabi-gcc_5_4_BE/gcc-arm-none-eabi-5_4-2017q1_BE_LINUX/bin/../lib/gcc/arm-none-eabi/5.4.1/../../../../arm-none-eabi/lib/armv7e-m/fpu/libc.a(lib_a-strtok.o)
                0x0000000008007a0c                strtok
 .text.__strtok_r
                0x0000000008007a1c       0x64 /home/aghosh01/STM32_AthenaPlayground/Athena/arm-none-eabi-gcc_5_4_BE/gcc-arm-none-eabi-5_4-2017q1_BE_LINUX/bin/../lib/gcc/arm-none-eabi/5.4.1/../../../../arm-none-eabi/lib/armv7e-m/fpu/libc.a(lib_a-strtok_r.o)
                0x0000000008007a1c                __strtok_r
 .text._vfprintf_r
                0x0000000008007a80     0x1728 /home/aghosh01/STM32_AthenaPlayground/Athena/arm-none-eabi-gcc_5_4_BE/gcc-arm-none-eabi-5_4-2017q1_BE_LINUX/bin/../lib/gcc/arm-none-eabi/5.4.1/../../../../arm-none-eabi/lib/armv7e-m/fpu/libc.a(lib_a-vfprintf.o)
                0x0000000008007a80                _vfprintf_r
 .text.__sbprintf
                0x00000000080091a8       0x6c /home/aghosh01/STM32_AthenaPlayground/Athena/arm-none-eabi-gcc_5_4_BE/gcc-arm-none-eabi-5_4-2017q1_BE_LINUX/bin/../lib/gcc/arm-none-eabi/5.4.1/../../../../arm-none-eabi/lib/armv7e-m/fpu/libc.a(lib_a-vfprintf.o)
 .text.__svfscanf_r
                0x0000000008009214      0xe88 /home/aghosh01/STM32_AthenaPlayground/Athena/arm-none-eabi-gcc_5_4_BE/gcc-arm-none-eabi-5_4-2017q1_BE_LINUX/bin/../lib/gcc/arm-none-eabi/5.4.1/../../../../arm-none-eabi/lib/armv7e-m/fpu/libc.a(lib_a-vfscanf.o)
                0x0000000008009214                __svfscanf_r
 .text._vfscanf_r
                0x000000000800a09c       0x28 /home/aghosh01/STM32_AthenaPlayground/Athena/arm-none-eabi-gcc_5_4_BE/gcc-arm-none-eabi-5_4-2017q1_BE_LINUX/bin/../lib/gcc/arm-none-eabi/5.4.1/../../../../arm-none-eabi/lib/armv7e-m/fpu/libc.a(lib_a-vfscanf.o)
                0x000000000800a09c                _vfscanf_r
 .text.__swsetup_r
                0x000000000800a0c4       0xc8 /home/aghosh01/STM32_AthenaPlayground/Athena/arm-none-eabi-gcc_5_4_BE/gcc-arm-none-eabi-5_4-2017q1_BE_LINUX/bin/../lib/gcc/arm-none-eabi/5.4.1/../../../../arm-none-eabi/lib/armv7e-m/fpu/libc.a(lib_a-wsetup.o)
                0x000000000800a0c4                __swsetup_r
 .text.quorem   0x000000000800a18c      0x128 /home/aghosh01/STM32_AthenaPlayground/Athena/arm-none-eabi-gcc_5_4_BE/gcc-arm-none-eabi-5_4-2017q1_BE_LINUX/bin/../lib/gcc/arm-none-eabi/5.4.1/../../../../arm-none-eabi/lib/armv7e-m/fpu/libc.a(lib_a-dtoa.o)
 *fill*         0x000000000800a2b4        0x4 
 .text._dtoa_r  0x000000000800a2b8      0xe34 /home/aghosh01/STM32_AthenaPlayground/Athena/arm-none-eabi-gcc_5_4_BE/gcc-arm-none-eabi-5_4-2017q1_BE_LINUX/bin/../lib/gcc/arm-none-eabi/5.4.1/../../../../arm-none-eabi/lib/armv7e-m/fpu/libc.a(lib_a-dtoa.o)
                0x000000000800a2b8                _dtoa_r
 .text.__sflush_r
                0x000000000800b0ec      0x148 /home/aghosh01/STM32_AthenaPlayground/Athena/arm-none-eabi-gcc_5_4_BE/gcc-arm-none-eabi-5_4-2017q1_BE_LINUX/bin/../lib/gcc/arm-none-eabi/5.4.1/../../../../arm-none-eabi/lib/armv7e-m/fpu/libc.a(lib_a-fflush.o)
                0x000000000800b0ec                __sflush_r
 .text._fflush_r
                0x000000000800b234       0x2c /home/aghosh01/STM32_AthenaPlayground/Athena/arm-none-eabi-gcc_5_4_BE/gcc-arm-none-eabi-5_4-2017q1_BE_LINUX/bin/../lib/gcc/arm-none-eabi/5.4.1/../../../../arm-none-eabi/lib/armv7e-m/fpu/libc.a(lib_a-fflush.o)
                0x000000000800b234                _fflush_r
 .text.fflush   0x000000000800b260       0x24 /home/aghosh01/STM32_AthenaPlayground/Athena/arm-none-eabi-gcc_5_4_BE/gcc-arm-none-eabi-5_4-2017q1_BE_LINUX/bin/../lib/gcc/arm-none-eabi/5.4.1/../../../../arm-none-eabi/lib/armv7e-m/fpu/libc.a(lib_a-fflush.o)
                0x000000000800b260                fflush
 .text._cleanup_r
                0x000000000800b284        0xc /home/aghosh01/STM32_AthenaPlayground/Athena/arm-none-eabi-gcc_5_4_BE/gcc-arm-none-eabi-5_4-2017q1_BE_LINUX/bin/../lib/gcc/arm-none-eabi/5.4.1/../../../../arm-none-eabi/lib/armv7e-m/fpu/libc.a(lib_a-findfp.o)
                0x000000000800b284                _cleanup_r
 .text.__sinit.part.1
                0x000000000800b290       0xf0 /home/aghosh01/STM32_AthenaPlayground/Athena/arm-none-eabi-gcc_5_4_BE/gcc-arm-none-eabi-5_4-2017q1_BE_LINUX/bin/../lib/gcc/arm-none-eabi/5.4.1/../../../../arm-none-eabi/lib/armv7e-m/fpu/libc.a(lib_a-findfp.o)
 .text.__sinit  0x000000000800b380        0xc /home/aghosh01/STM32_AthenaPlayground/Athena/arm-none-eabi-gcc_5_4_BE/gcc-arm-none-eabi-5_4-2017q1_BE_LINUX/bin/../lib/gcc/arm-none-eabi/5.4.1/../../../../arm-none-eabi/lib/armv7e-m/fpu/libc.a(lib_a-findfp.o)
                0x000000000800b380                __sinit
 .text.__sfp_lock_acquire
                0x000000000800b38c        0x4 /home/aghosh01/STM32_AthenaPlayground/Athena/arm-none-eabi-gcc_5_4_BE/gcc-arm-none-eabi-5_4-2017q1_BE_LINUX/bin/../lib/gcc/arm-none-eabi/5.4.1/../../../../arm-none-eabi/lib/armv7e-m/fpu/libc.a(lib_a-findfp.o)
                0x000000000800b38c                __sfp_lock_acquire
 .text.__sfp_lock_release
                0x000000000800b390        0x4 /home/aghosh01/STM32_AthenaPlayground/Athena/arm-none-eabi-gcc_5_4_BE/gcc-arm-none-eabi-5_4-2017q1_BE_LINUX/bin/../lib/gcc/arm-none-eabi/5.4.1/../../../../arm-none-eabi/lib/armv7e-m/fpu/libc.a(lib_a-findfp.o)
                0x000000000800b390                __sfp_lock_release
 .text._fread_r
                0x000000000800b394      0x19c /home/aghosh01/STM32_AthenaPlayground/Athena/arm-none-eabi-gcc_5_4_BE/gcc-arm-none-eabi-5_4-2017q1_BE_LINUX/bin/../lib/gcc/arm-none-eabi/5.4.1/../../../../arm-none-eabi/lib/armv7e-m/fpu/libc.a(lib_a-fread.o)
                0x000000000800b394                _fread_r
 .text._malloc_trim_r
                0x000000000800b530       0x9c /home/aghosh01/STM32_AthenaPlayground/Athena/arm-none-eabi-gcc_5_4_BE/gcc-arm-none-eabi-5_4-2017q1_BE_LINUX/bin/../lib/gcc/arm-none-eabi/5.4.1/../../../../arm-none-eabi/lib/armv7e-m/fpu/libc.a(lib_a-freer.o)
                0x000000000800b530                _malloc_trim_r
 .text._free_r  0x000000000800b5cc      0x1d0 /home/aghosh01/STM32_AthenaPlayground/Athena/arm-none-eabi-gcc_5_4_BE/gcc-arm-none-eabi-5_4-2017q1_BE_LINUX/bin/../lib/gcc/arm-none-eabi/5.4.1/../../../../arm-none-eabi/lib/armv7e-m/fpu/libc.a(lib_a-freer.o)
                0x000000000800b5cc                _free_r
 .text.__sfvwrite_r
                0x000000000800b79c      0x304 /home/aghosh01/STM32_AthenaPlayground/Athena/arm-none-eabi-gcc_5_4_BE/gcc-arm-none-eabi-5_4-2017q1_BE_LINUX/bin/../lib/gcc/arm-none-eabi/5.4.1/../../../../arm-none-eabi/lib/armv7e-m/fpu/libc.a(lib_a-fvwrite.o)
                0x000000000800b79c                __sfvwrite_r
 .text._fwalk   0x000000000800baa0       0x4c /home/aghosh01/STM32_AthenaPlayground/Athena/arm-none-eabi-gcc_5_4_BE/gcc-arm-none-eabi-5_4-2017q1_BE_LINUX/bin/../lib/gcc/arm-none-eabi/5.4.1/../../../../arm-none-eabi/lib/armv7e-m/fpu/libc.a(lib_a-fwalk.o)
                0x000000000800baa0                _fwalk
 .text._fwalk_reent
                0x000000000800baec       0x54 /home/aghosh01/STM32_AthenaPlayground/Athena/arm-none-eabi-gcc_5_4_BE/gcc-arm-none-eabi-5_4-2017q1_BE_LINUX/bin/../lib/gcc/arm-none-eabi/5.4.1/../../../../arm-none-eabi/lib/armv7e-m/fpu/libc.a(lib_a-fwalk.o)
                0x000000000800baec                _fwalk_reent
 .text.iswspace
                0x000000000800bb40       0x1c /home/aghosh01/STM32_AthenaPlayground/Athena/arm-none-eabi-gcc_5_4_BE/gcc-arm-none-eabi-5_4-2017q1_BE_LINUX/bin/../lib/gcc/arm-none-eabi/5.4.1/../../../../arm-none-eabi/lib/armv7e-m/fpu/libc.a(lib_a-iswspace.o)
                0x000000000800bb40                iswspace
 .text.__get_current_locale
                0x000000000800bb5c       0x18 /home/aghosh01/STM32_AthenaPlayground/Athena/arm-none-eabi-gcc_5_4_BE/gcc-arm-none-eabi-5_4-2017q1_BE_LINUX/bin/../lib/gcc/arm-none-eabi/5.4.1/../../../../arm-none-eabi/lib/armv7e-m/fpu/libc.a(lib_a-locale.o)
 .text.__locale_mb_cur_max
                0x000000000800bb74       0x1c /home/aghosh01/STM32_AthenaPlayground/Athena/arm-none-eabi-gcc_5_4_BE/gcc-arm-none-eabi-5_4-2017q1_BE_LINUX/bin/../lib/gcc/arm-none-eabi/5.4.1/../../../../arm-none-eabi/lib/armv7e-m/fpu/libc.a(lib_a-locale.o)
                0x000000000800bb74                __locale_mb_cur_max
 .text.__locale_ctype_ptr_l
                0x000000000800bb90        0x8 /home/aghosh01/STM32_AthenaPlayground/Athena/arm-none-eabi-gcc_5_4_BE/gcc-arm-none-eabi-5_4-2017q1_BE_LINUX/bin/../lib/gcc/arm-none-eabi/5.4.1/../../../../arm-none-eabi/lib/armv7e-m/fpu/libc.a(lib_a-locale.o)
                0x000000000800bb90                __locale_ctype_ptr_l
 .text.__locale_ctype_ptr
                0x000000000800bb98       0x14 /home/aghosh01/STM32_AthenaPlayground/Athena/arm-none-eabi-gcc_5_4_BE/gcc-arm-none-eabi-5_4-2017q1_BE_LINUX/bin/../lib/gcc/arm-none-eabi/5.4.1/../../../../arm-none-eabi/lib/armv7e-m/fpu/libc.a(lib_a-locale.o)
                0x000000000800bb98                __locale_ctype_ptr
 .text.__localeconv_l
                0x000000000800bbac        0x4 /home/aghosh01/STM32_AthenaPlayground/Athena/arm-none-eabi-gcc_5_4_BE/gcc-arm-none-eabi-5_4-2017q1_BE_LINUX/bin/../lib/gcc/arm-none-eabi/5.4.1/../../../../arm-none-eabi/lib/armv7e-m/fpu/libc.a(lib_a-localeconv.o)
                0x000000000800bbac                __localeconv_l
 .text._localeconv_r
                0x000000000800bbb0       0x1c /home/aghosh01/STM32_AthenaPlayground/Athena/arm-none-eabi-gcc_5_4_BE/gcc-arm-none-eabi-5_4-2017q1_BE_LINUX/bin/../lib/gcc/arm-none-eabi/5.4.1/../../../../arm-none-eabi/lib/armv7e-m/fpu/libc.a(lib_a-localeconv.o)
                0x000000000800bbb0                _localeconv_r
 .text.__swhatbuf_r
                0x000000000800bbcc       0x60 /home/aghosh01/STM32_AthenaPlayground/Athena/arm-none-eabi-gcc_5_4_BE/gcc-arm-none-eabi-5_4-2017q1_BE_LINUX/bin/../lib/gcc/arm-none-eabi/5.4.1/../../../../arm-none-eabi/lib/armv7e-m/fpu/libc.a(lib_a-makebuf.o)
                0x000000000800bbcc                __swhatbuf_r
 .text.__smakebuf_r
                0x000000000800bc2c       0x88 /home/aghosh01/STM32_AthenaPlayground/Athena/arm-none-eabi-gcc_5_4_BE/gcc-arm-none-eabi-5_4-2017q1_BE_LINUX/bin/../lib/gcc/arm-none-eabi/5.4.1/../../../../arm-none-eabi/lib/armv7e-m/fpu/libc.a(lib_a-makebuf.o)
                0x000000000800bc2c                __smakebuf_r
 .text._mbrtowc_r
                0x000000000800bcb4       0x5c /home/aghosh01/STM32_AthenaPlayground/Athena/arm-none-eabi-gcc_5_4_BE/gcc-arm-none-eabi-5_4-2017q1_BE_LINUX/bin/../lib/gcc/arm-none-eabi/5.4.1/../../../../arm-none-eabi/lib/armv7e-m/fpu/libc.a(lib_a-mbrtowc.o)
                0x000000000800bcb4                _mbrtowc_r
 .text.__ascii_mbtowc
                0x000000000800bd10       0x2c /home/aghosh01/STM32_AthenaPlayground/Athena/arm-none-eabi-gcc_5_4_BE/gcc-arm-none-eabi-5_4-2017q1_BE_LINUX/bin/../lib/gcc/arm-none-eabi/5.4.1/../../../../arm-none-eabi/lib/armv7e-m/fpu/libc.a(lib_a-mbtowc_r.o)
                0x000000000800bd10                __ascii_mbtowc
 .text.memmove  0x000000000800bd3c       0xc8 /home/aghosh01/STM32_AthenaPlayground/Athena/arm-none-eabi-gcc_5_4_BE/gcc-arm-none-eabi-5_4-2017q1_BE_LINUX/bin/../lib/gcc/arm-none-eabi/5.4.1/../../../../arm-none-eabi/lib/armv7e-m/fpu/libc.a(lib_a-memmove.o)
                0x000000000800bd3c                memmove
 .text._Balloc  0x000000000800be04       0x4c /home/aghosh01/STM32_AthenaPlayground/Athena/arm-none-eabi-gcc_5_4_BE/gcc-arm-none-eabi-5_4-2017q1_BE_LINUX/bin/../lib/gcc/arm-none-eabi/5.4.1/../../../../arm-none-eabi/lib/armv7e-m/fpu/libc.a(lib_a-mprec.o)
                0x000000000800be04                _Balloc
 .text._Bfree   0x000000000800be50       0x14 /home/aghosh01/STM32_AthenaPlayground/Athena/arm-none-eabi-gcc_5_4_BE/gcc-arm-none-eabi-5_4-2017q1_BE_LINUX/bin/../lib/gcc/arm-none-eabi/5.4.1/../../../../arm-none-eabi/lib/armv7e-m/fpu/libc.a(lib_a-mprec.o)
                0x000000000800be50                _Bfree
 .text.__multadd
                0x000000000800be64       0x80 /home/aghosh01/STM32_AthenaPlayground/Athena/arm-none-eabi-gcc_5_4_BE/gcc-arm-none-eabi-5_4-2017q1_BE_LINUX/bin/../lib/gcc/arm-none-eabi/5.4.1/../../../../arm-none-eabi/lib/armv7e-m/fpu/libc.a(lib_a-mprec.o)
                0x000000000800be64                __multadd
 .text.__s2b    0x000000000800bee4       0x98 /home/aghosh01/STM32_AthenaPlayground/Athena/arm-none-eabi-gcc_5_4_BE/gcc-arm-none-eabi-5_4-2017q1_BE_LINUX/bin/../lib/gcc/arm-none-eabi/5.4.1/../../../../arm-none-eabi/lib/armv7e-m/fpu/libc.a(lib_a-mprec.o)
                0x000000000800bee4                __s2b
 .text.__hi0bits
                0x000000000800bf7c       0x40 /home/aghosh01/STM32_AthenaPlayground/Athena/arm-none-eabi-gcc_5_4_BE/gcc-arm-none-eabi-5_4-2017q1_BE_LINUX/bin/../lib/gcc/arm-none-eabi/5.4.1/../../../../arm-none-eabi/lib/armv7e-m/fpu/libc.a(lib_a-mprec.o)
                0x000000000800bf7c                __hi0bits
 .text.__lo0bits
                0x000000000800bfbc       0x5c /home/aghosh01/STM32_AthenaPlayground/Athena/arm-none-eabi-gcc_5_4_BE/gcc-arm-none-eabi-5_4-2017q1_BE_LINUX/bin/../lib/gcc/arm-none-eabi/5.4.1/../../../../arm-none-eabi/lib/armv7e-m/fpu/libc.a(lib_a-mprec.o)
                0x000000000800bfbc                __lo0bits
 .text.__i2b    0x000000000800c018       0x14 /home/aghosh01/STM32_AthenaPlayground/Athena/arm-none-eabi-gcc_5_4_BE/gcc-arm-none-eabi-5_4-2017q1_BE_LINUX/bin/../lib/gcc/arm-none-eabi/5.4.1/../../../../arm-none-eabi/lib/armv7e-m/fpu/libc.a(lib_a-mprec.o)
                0x000000000800c018                __i2b
 .text.__multiply
                0x000000000800c02c      0x130 /home/aghosh01/STM32_AthenaPlayground/Athena/arm-none-eabi-gcc_5_4_BE/gcc-arm-none-eabi-5_4-2017q1_BE_LINUX/bin/../lib/gcc/arm-none-eabi/5.4.1/../../../../arm-none-eabi/lib/armv7e-m/fpu/libc.a(lib_a-mprec.o)
                0x000000000800c02c                __multiply
 .text.__pow5mult
                0x000000000800c15c       0xa0 /home/aghosh01/STM32_AthenaPlayground/Athena/arm-none-eabi-gcc_5_4_BE/gcc-arm-none-eabi-5_4-2017q1_BE_LINUX/bin/../lib/gcc/arm-none-eabi/5.4.1/../../../../arm-none-eabi/lib/armv7e-m/fpu/libc.a(lib_a-mprec.o)
                0x000000000800c15c                __pow5mult
 .text.__lshift
                0x000000000800c1fc       0xb0 /home/aghosh01/STM32_AthenaPlayground/Athena/arm-none-eabi-gcc_5_4_BE/gcc-arm-none-eabi-5_4-2017q1_BE_LINUX/bin/../lib/gcc/arm-none-eabi/5.4.1/../../../../arm-none-eabi/lib/armv7e-m/fpu/libc.a(lib_a-mprec.o)
                0x000000000800c1fc                __lshift
 .text.__mcmp   0x000000000800c2ac       0x44 /home/aghosh01/STM32_AthenaPlayground/Athena/arm-none-eabi-gcc_5_4_BE/gcc-arm-none-eabi-5_4-2017q1_BE_LINUX/bin/../lib/gcc/arm-none-eabi/5.4.1/../../../../arm-none-eabi/lib/armv7e-m/fpu/libc.a(lib_a-mprec.o)
                0x000000000800c2ac                __mcmp
 .text.__mdiff  0x000000000800c2f0      0x114 /home/aghosh01/STM32_AthenaPlayground/Athena/arm-none-eabi-gcc_5_4_BE/gcc-arm-none-eabi-5_4-2017q1_BE_LINUX/bin/../lib/gcc/arm-none-eabi/5.4.1/../../../../arm-none-eabi/lib/armv7e-m/fpu/libc.a(lib_a-mprec.o)
                0x000000000800c2f0                __mdiff
 .text.__ulp    0x000000000800c404       0x54 /home/aghosh01/STM32_AthenaPlayground/Athena/arm-none-eabi-gcc_5_4_BE/gcc-arm-none-eabi-5_4-2017q1_BE_LINUX/bin/../lib/gcc/arm-none-eabi/5.4.1/../../../../arm-none-eabi/lib/armv7e-m/fpu/libc.a(lib_a-mprec.o)
                0x000000000800c404                __ulp
 .text.__b2d    0x000000000800c458       0xd0 /home/aghosh01/STM32_AthenaPlayground/Athena/arm-none-eabi-gcc_5_4_BE/gcc-arm-none-eabi-5_4-2017q1_BE_LINUX/bin/../lib/gcc/arm-none-eabi/5.4.1/../../../../arm-none-eabi/lib/armv7e-m/fpu/libc.a(lib_a-mprec.o)
                0x000000000800c458                __b2d
 .text.__d2b    0x000000000800c528       0xbc /home/aghosh01/STM32_AthenaPlayground/Athena/arm-none-eabi-gcc_5_4_BE/gcc-arm-none-eabi-5_4-2017q1_BE_LINUX/bin/../lib/gcc/arm-none-eabi/5.4.1/../../../../arm-none-eabi/lib/armv7e-m/fpu/libc.a(lib_a-mprec.o)
                0x000000000800c528                __d2b
 .text.__ratio  0x000000000800c5e4       0x60 /home/aghosh01/STM32_AthenaPlayground/Athena/arm-none-eabi-gcc_5_4_BE/gcc-arm-none-eabi-5_4-2017q1_BE_LINUX/bin/../lib/gcc/arm-none-eabi/5.4.1/../../../../arm-none-eabi/lib/armv7e-m/fpu/libc.a(lib_a-mprec.o)
                0x000000000800c5e4                __ratio
 .text.__copybits
                0x000000000800c644       0x48 /home/aghosh01/STM32_AthenaPlayground/Athena/arm-none-eabi-gcc_5_4_BE/gcc-arm-none-eabi-5_4-2017q1_BE_LINUX/bin/../lib/gcc/arm-none-eabi/5.4.1/../../../../arm-none-eabi/lib/armv7e-m/fpu/libc.a(lib_a-mprec.o)
                0x000000000800c644                __copybits
 .text.__any_on
                0x000000000800c68c       0x60 /home/aghosh01/STM32_AthenaPlayground/Athena/arm-none-eabi-gcc_5_4_BE/gcc-arm-none-eabi-5_4-2017q1_BE_LINUX/bin/../lib/gcc/arm-none-eabi/5.4.1/../../../../arm-none-eabi/lib/armv7e-m/fpu/libc.a(lib_a-mprec.o)
                0x000000000800c68c                __any_on
 .text._putc_r  0x000000000800c6ec       0x44 /home/aghosh01/STM32_AthenaPlayground/Athena/arm-none-eabi-gcc_5_4_BE/gcc-arm-none-eabi-5_4-2017q1_BE_LINUX/bin/../lib/gcc/arm-none-eabi/5.4.1/../../../../arm-none-eabi/lib/armv7e-m/fpu/libc.a(lib_a-putc.o)
                0x000000000800c6ec                _putc_r
 .text.lflush   0x000000000800c730       0x14 /home/aghosh01/STM32_AthenaPlayground/Athena/arm-none-eabi-gcc_5_4_BE/gcc-arm-none-eabi-5_4-2017q1_BE_LINUX/bin/../lib/gcc/arm-none-eabi/5.4.1/../../../../arm-none-eabi/lib/armv7e-m/fpu/libc.a(lib_a-refill.o)
 .text.__srefill_r
                0x000000000800c744      0x114 /home/aghosh01/STM32_AthenaPlayground/Athena/arm-none-eabi-gcc_5_4_BE/gcc-arm-none-eabi-5_4-2017q1_BE_LINUX/bin/../lib/gcc/arm-none-eabi/5.4.1/../../../../arm-none-eabi/lib/armv7e-m/fpu/libc.a(lib_a-refill.o)
                0x000000000800c744                __srefill_r
 .text.__sccl   0x000000000800c858       0x74 /home/aghosh01/STM32_AthenaPlayground/Athena/arm-none-eabi-gcc_5_4_BE/gcc-arm-none-eabi-5_4-2017q1_BE_LINUX/bin/../lib/gcc/arm-none-eabi/5.4.1/../../../../arm-none-eabi/lib/armv7e-m/fpu/libc.a(lib_a-sccl.o)
                0x000000000800c858                __sccl
 .text.nanf     0x000000000800c8cc        0xc /home/aghosh01/STM32_AthenaPlayground/Athena/arm-none-eabi-gcc_5_4_BE/gcc-arm-none-eabi-5_4-2017q1_BE_LINUX/bin/../lib/gcc/arm-none-eabi/5.4.1/../../../../arm-none-eabi/lib/armv7e-m/fpu/libc.a(lib_a-sf_nan.o)
                0x000000000800c8cc                nanf
 .text.sprintf  0x000000000800c8d8       0x4c /home/aghosh01/STM32_AthenaPlayground/Athena/arm-none-eabi-gcc_5_4_BE/gcc-arm-none-eabi-5_4-2017q1_BE_LINUX/bin/../lib/gcc/arm-none-eabi/5.4.1/../../../../arm-none-eabi/lib/armv7e-m/fpu/libc.a(lib_a-sprintf.o)
                0x000000000800c8d8                sprintf
 .text.__sread  0x000000000800c924       0x24 /home/aghosh01/STM32_AthenaPlayground/Athena/arm-none-eabi-gcc_5_4_BE/gcc-arm-none-eabi-5_4-2017q1_BE_LINUX/bin/../lib/gcc/arm-none-eabi/5.4.1/../../../../arm-none-eabi/lib/armv7e-m/fpu/libc.a(lib_a-stdio.o)
                0x000000000800c924                __sread
 .text.__swrite
                0x000000000800c948       0x3c /home/aghosh01/STM32_AthenaPlayground/Athena/arm-none-eabi-gcc_5_4_BE/gcc-arm-none-eabi-5_4-2017q1_BE_LINUX/bin/../lib/gcc/arm-none-eabi/5.4.1/../../../../arm-none-eabi/lib/armv7e-m/fpu/libc.a(lib_a-stdio.o)
                0x000000000800c948                __swrite
 .text.__sseek  0x000000000800c984       0x20 /home/aghosh01/STM32_AthenaPlayground/Athena/arm-none-eabi-gcc_5_4_BE/gcc-arm-none-eabi-5_4-2017q1_BE_LINUX/bin/../lib/gcc/arm-none-eabi/5.4.1/../../../../arm-none-eabi/lib/armv7e-m/fpu/libc.a(lib_a-stdio.o)
                0x000000000800c984                __sseek
 .text.__sclose
                0x000000000800c9a4        0x8 /home/aghosh01/STM32_AthenaPlayground/Athena/arm-none-eabi-gcc_5_4_BE/gcc-arm-none-eabi-5_4-2017q1_BE_LINUX/bin/../lib/gcc/arm-none-eabi/5.4.1/../../../../arm-none-eabi/lib/armv7e-m/fpu/libc.a(lib_a-stdio.o)
                0x000000000800c9a4                __sclose
 .text.unlikely.sulp
                0x000000000800c9ac       0x38 /home/aghosh01/STM32_AthenaPlayground/Athena/arm-none-eabi-gcc_5_4_BE/gcc-arm-none-eabi-5_4-2017q1_BE_LINUX/bin/../lib/gcc/arm-none-eabi/5.4.1/../../../../arm-none-eabi/lib/armv7e-m/fpu/libc.a(lib_a-strtod.o)
 *fill*         0x000000000800c9e4        0x4 
 .text._strtod_l
                0x000000000800c9e8      0xed8 /home/aghosh01/STM32_AthenaPlayground/Athena/arm-none-eabi-gcc_5_4_BE/gcc-arm-none-eabi-5_4-2017q1_BE_LINUX/bin/../lib/gcc/arm-none-eabi/5.4.1/../../../../arm-none-eabi/lib/armv7e-m/fpu/libc.a(lib_a-strtod.o)
                0x000000000800c9e8                _strtod_l
 .text._strtod_r
                0x000000000800d8c0       0x20 /home/aghosh01/STM32_AthenaPlayground/Athena/arm-none-eabi-gcc_5_4_BE/gcc-arm-none-eabi-5_4-2017q1_BE_LINUX/bin/../lib/gcc/arm-none-eabi/5.4.1/../../../../arm-none-eabi/lib/armv7e-m/fpu/libc.a(lib_a-strtod.o)
                0x000000000800d8c0                _strtod_r
 .text._strtol_l.isra.0
                0x000000000800d8e0      0x138 /home/aghosh01/STM32_AthenaPlayground/Athena/arm-none-eabi-gcc_5_4_BE/gcc-arm-none-eabi-5_4-2017q1_BE_LINUX/bin/../lib/gcc/arm-none-eabi/5.4.1/../../../../arm-none-eabi/lib/armv7e-m/fpu/libc.a(lib_a-strtol.o)
 .text._strtol_r
                0x000000000800da18       0x24 /home/aghosh01/STM32_AthenaPlayground/Athena/arm-none-eabi-gcc_5_4_BE/gcc-arm-none-eabi-5_4-2017q1_BE_LINUX/bin/../lib/gcc/arm-none-eabi/5.4.1/../../../../arm-none-eabi/lib/armv7e-m/fpu/libc.a(lib_a-strtol.o)
                0x000000000800da18                _strtol_r
 .text._strtoll_l.isra.0
                0x000000000800da3c      0x1ac /home/aghosh01/STM32_AthenaPlayground/Athena/arm-none-eabi-gcc_5_4_BE/gcc-arm-none-eabi-5_4-2017q1_BE_LINUX/bin/../lib/gcc/arm-none-eabi/5.4.1/../../../../arm-none-eabi/lib/armv7e-m/fpu/libc.a(lib_a-strtoll.o)
 .text._strtoll_r
                0x000000000800dbe8       0x24 /home/aghosh01/STM32_AthenaPlayground/Athena/arm-none-eabi-gcc_5_4_BE/gcc-arm-none-eabi-5_4-2017q1_BE_LINUX/bin/../lib/gcc/arm-none-eabi/5.4.1/../../../../arm-none-eabi/lib/armv7e-m/fpu/libc.a(lib_a-strtoll.o)
                0x000000000800dbe8                _strtoll_r
 .text._strtoul_l.isra.0
                0x000000000800dc0c      0x168 /home/aghosh01/STM32_AthenaPlayground/Athena/arm-none-eabi-gcc_5_4_BE/gcc-arm-none-eabi-5_4-2017q1_BE_LINUX/bin/../lib/gcc/arm-none-eabi/5.4.1/../../../../arm-none-eabi/lib/armv7e-m/fpu/libc.a(lib_a-strtoul.o)
 .text._strtoul_r
                0x000000000800dd74       0x24 /home/aghosh01/STM32_AthenaPlayground/Athena/arm-none-eabi-gcc_5_4_BE/gcc-arm-none-eabi-5_4-2017q1_BE_LINUX/bin/../lib/gcc/arm-none-eabi/5.4.1/../../../../arm-none-eabi/lib/armv7e-m/fpu/libc.a(lib_a-strtoul.o)
                0x000000000800dd74                _strtoul_r
 .text._strtoull_l.isra.0
                0x000000000800dd98      0x1ec /home/aghosh01/STM32_AthenaPlayground/Athena/arm-none-eabi-gcc_5_4_BE/gcc-arm-none-eabi-5_4-2017q1_BE_LINUX/bin/../lib/gcc/arm-none-eabi/5.4.1/../../../../arm-none-eabi/lib/armv7e-m/fpu/libc.a(lib_a-strtoull.o)
 .text._strtoull_r
                0x000000000800df84       0x24 /home/aghosh01/STM32_AthenaPlayground/Athena/arm-none-eabi-gcc_5_4_BE/gcc-arm-none-eabi-5_4-2017q1_BE_LINUX/bin/../lib/gcc/arm-none-eabi/5.4.1/../../../../arm-none-eabi/lib/armv7e-m/fpu/libc.a(lib_a-strtoull.o)
                0x000000000800df84                _strtoull_r
 .text._svfprintf_r
                0x000000000800dfa8     0x16e4 /home/aghosh01/STM32_AthenaPlayground/Athena/arm-none-eabi-gcc_5_4_BE/gcc-arm-none-eabi-5_4-2017q1_BE_LINUX/bin/../lib/gcc/arm-none-eabi/5.4.1/../../../../arm-none-eabi/lib/armv7e-m/fpu/libc.a(lib_a-svfprintf.o)
                0x000000000800dfa8                _svfprintf_r
 .text.__submore
                0x000000000800f68c       0x78 /home/aghosh01/STM32_AthenaPlayground/Athena/arm-none-eabi-gcc_5_4_BE/gcc-arm-none-eabi-5_4-2017q1_BE_LINUX/bin/../lib/gcc/arm-none-eabi/5.4.1/../../../../arm-none-eabi/lib/armv7e-m/fpu/libc.a(lib_a-ungetc.o)
                0x000000000800f68c                __submore
 .text._ungetc_r
                0x000000000800f704       0xd4 /home/aghosh01/STM32_AthenaPlayground/Athena/arm-none-eabi-gcc_5_4_BE/gcc-arm-none-eabi-5_4-2017q1_BE_LINUX/bin/../lib/gcc/arm-none-eabi/5.4.1/../../../../arm-none-eabi/lib/armv7e-m/fpu/libc.a(lib_a-ungetc.o)
                0x000000000800f704                _ungetc_r
 .text.__sprint_r.part.0
                0x000000000800f7d8       0x78 /home/aghosh01/STM32_AthenaPlayground/Athena/arm-none-eabi-gcc_5_4_BE/gcc-arm-none-eabi-5_4-2017q1_BE_LINUX/bin/../lib/gcc/arm-none-eabi/5.4.1/../../../../arm-none-eabi/lib/armv7e-m/fpu/libc.a(lib_a-vfiprintf.o)
 .text.__sprint_r
                0x000000000800f850       0x14 /home/aghosh01/STM32_AthenaPlayground/Athena/arm-none-eabi-gcc_5_4_BE/gcc-arm-none-eabi-5_4-2017q1_BE_LINUX/bin/../lib/gcc/arm-none-eabi/5.4.1/../../../../arm-none-eabi/lib/armv7e-m/fpu/libc.a(lib_a-vfiprintf.o)
                0x000000000800f850                __sprint_r
 .text.__swbuf_r
                0x000000000800f864       0xac /home/aghosh01/STM32_AthenaPlayground/Athena/arm-none-eabi-gcc_5_4_BE/gcc-arm-none-eabi-5_4-2017q1_BE_LINUX/bin/../lib/gcc/arm-none-eabi/5.4.1/../../../../arm-none-eabi/lib/armv7e-m/fpu/libc.a(lib_a-wbuf.o)
                0x000000000800f864                __swbuf_r
 .text.__ascii_wctomb
                0x000000000800f910       0x1c /home/aghosh01/STM32_AthenaPlayground/Athena/arm-none-eabi-gcc_5_4_BE/gcc-arm-none-eabi-5_4-2017q1_BE_LINUX/bin/../lib/gcc/arm-none-eabi/5.4.1/../../../../arm-none-eabi/lib/armv7e-m/fpu/libc.a(lib_a-wctomb_r.o)
                0x000000000800f910                __ascii_wctomb
 .text._write_r
                0x000000000800f92c       0x2c /home/aghosh01/STM32_AthenaPlayground/Athena/arm-none-eabi-gcc_5_4_BE/gcc-arm-none-eabi-5_4-2017q1_BE_LINUX/bin/../lib/gcc/arm-none-eabi/5.4.1/../../../../arm-none-eabi/lib/armv7e-m/fpu/libc.a(lib_a-writer.o)
                0x000000000800f92c                _write_r
 .text._calloc_r
                0x000000000800f958       0x60 /home/aghosh01/STM32_AthenaPlayground/Athena/arm-none-eabi-gcc_5_4_BE/gcc-arm-none-eabi-5_4-2017q1_BE_LINUX/bin/../lib/gcc/arm-none-eabi/5.4.1/../../../../arm-none-eabi/lib/armv7e-m/fpu/libc.a(lib_a-callocr.o)
                0x000000000800f958                _calloc_r
 .text._close_r
                0x000000000800f9b8       0x24 /home/aghosh01/STM32_AthenaPlayground/Athena/arm-none-eabi-gcc_5_4_BE/gcc-arm-none-eabi-5_4-2017q1_BE_LINUX/bin/../lib/gcc/arm-none-eabi/5.4.1/../../../../arm-none-eabi/lib/armv7e-m/fpu/libc.a(lib_a-closer.o)
                0x000000000800f9b8                _close_r
 .text._fclose_r
                0x000000000800f9dc       0x84 /home/aghosh01/STM32_AthenaPlayground/Athena/arm-none-eabi-gcc_5_4_BE/gcc-arm-none-eabi-5_4-2017q1_BE_LINUX/bin/../lib/gcc/arm-none-eabi/5.4.1/../../../../arm-none-eabi/lib/armv7e-m/fpu/libc.a(lib_a-fclose.o)
                0x000000000800f9dc                _fclose_r
 .text.__fputwc
                0x000000000800fa60       0x98 /home/aghosh01/STM32_AthenaPlayground/Athena/arm-none-eabi-gcc_5_4_BE/gcc-arm-none-eabi-5_4-2017q1_BE_LINUX/bin/../lib/gcc/arm-none-eabi/5.4.1/../../../../arm-none-eabi/lib/armv7e-m/fpu/libc.a(lib_a-fputwc.o)
                0x000000000800fa60                __fputwc
 .text._fputwc_r
                0x000000000800faf8       0x28 /home/aghosh01/STM32_AthenaPlayground/Athena/arm-none-eabi-gcc_5_4_BE/gcc-arm-none-eabi-5_4-2017q1_BE_LINUX/bin/../lib/gcc/arm-none-eabi/5.4.1/../../../../arm-none-eabi/lib/armv7e-m/fpu/libc.a(lib_a-fputwc.o)
                0x000000000800faf8                _fputwc_r
 .text._fstat_r
                0x000000000800fb20       0x28 /home/aghosh01/STM32_AthenaPlayground/Athena/arm-none-eabi-gcc_5_4_BE/gcc-arm-none-eabi-5_4-2017q1_BE_LINUX/bin/../lib/gcc/arm-none-eabi/5.4.1/../../../../arm-none-eabi/lib/armv7e-m/fpu/libc.a(lib_a-fstatr.o)
                0x000000000800fb20                _fstat_r
 .text.rshift   0x000000000800fb48       0xa8 /home/aghosh01/STM32_AthenaPlayground/Athena/arm-none-eabi-gcc_5_4_BE/gcc-arm-none-eabi-5_4-2017q1_BE_LINUX/bin/../lib/gcc/arm-none-eabi/5.4.1/../../../../arm-none-eabi/lib/armv7e-m/fpu/libc.a(lib_a-gdtoa-gethex.o)
 .text.__gethex
                0x000000000800fbf0      0x510 /home/aghosh01/STM32_AthenaPlayground/Athena/arm-none-eabi-gcc_5_4_BE/gcc-arm-none-eabi-5_4-2017q1_BE_LINUX/bin/../lib/gcc/arm-none-eabi/5.4.1/../../../../arm-none-eabi/lib/armv7e-m/fpu/libc.a(lib_a-gdtoa-gethex.o)
                0x000000000800fbf0                __gethex
 .text.__match  0x0000000008010100       0x30 /home/aghosh01/STM32_AthenaPlayground/Athena/arm-none-eabi-gcc_5_4_BE/gcc-arm-none-eabi-5_4-2017q1_BE_LINUX/bin/../lib/gcc/arm-none-eabi/5.4.1/../../../../arm-none-eabi/lib/armv7e-m/fpu/libc.a(lib_a-gdtoa-hexnan.o)
                0x0000000008010100                __match
 .text.__hexnan
                0x0000000008010130      0x180 /home/aghosh01/STM32_AthenaPlayground/Athena/arm-none-eabi-gcc_5_4_BE/gcc-arm-none-eabi-5_4-2017q1_BE_LINUX/bin/../lib/gcc/arm-none-eabi/5.4.1/../../../../arm-none-eabi/lib/armv7e-m/fpu/libc.a(lib_a-gdtoa-hexnan.o)
                0x0000000008010130                __hexnan
 .text._isatty_r
                0x00000000080102b0       0x24 /home/aghosh01/STM32_AthenaPlayground/Athena/arm-none-eabi-gcc_5_4_BE/gcc-arm-none-eabi-5_4-2017q1_BE_LINUX/bin/../lib/gcc/arm-none-eabi/5.4.1/../../../../arm-none-eabi/lib/armv7e-m/fpu/libc.a(lib_a-isattyr.o)
                0x00000000080102b0                _isatty_r
 .text._lseek_r
                0x00000000080102d4       0x2c /home/aghosh01/STM32_AthenaPlayground/Athena/arm-none-eabi-gcc_5_4_BE/gcc-arm-none-eabi-5_4-2017q1_BE_LINUX/bin/../lib/gcc/arm-none-eabi/5.4.1/../../../../arm-none-eabi/lib/armv7e-m/fpu/libc.a(lib_a-lseekr.o)
                0x00000000080102d4                _lseek_r
 .text._read_r  0x0000000008010300       0x2c /home/aghosh01/STM32_AthenaPlayground/Athena/arm-none-eabi-gcc_5_4_BE/gcc-arm-none-eabi-5_4-2017q1_BE_LINUX/bin/../lib/gcc/arm-none-eabi/5.4.1/../../../../arm-none-eabi/lib/armv7e-m/fpu/libc.a(lib_a-readr.o)
                0x0000000008010300                _read_r
 .text.__ssprint_r
                0x000000000801032c      0x100 /home/aghosh01/STM32_AthenaPlayground/Athena/arm-none-eabi-gcc_5_4_BE/gcc-arm-none-eabi-5_4-2017q1_BE_LINUX/bin/../lib/gcc/arm-none-eabi/5.4.1/../../../../arm-none-eabi/lib/armv7e-m/fpu/libc.a(lib_a-svfiprintf.o)
                0x000000000801032c                __ssprint_r
 .text._wcrtomb_r
                0x000000000801042c       0x54 /home/aghosh01/STM32_AthenaPlayground/Athena/arm-none-eabi-gcc_5_4_BE/gcc-arm-none-eabi-5_4-2017q1_BE_LINUX/bin/../lib/gcc/arm-none-eabi/5.4.1/../../../../arm-none-eabi/lib/armv7e-m/fpu/libc.a(lib_a-wcrtomb.o)
                0x000000000801042c                _wcrtomb_r
 *(.glue_7)
 .glue_7        0x0000000008010480        0x0 linker stubs
 *(.glue_7t)
 .glue_7t       0x0000000008010480        0x0 linker stubs
 *(.eh_frame)
 .eh_frame      0x0000000008010480        0x0 /home/aghosh01/STM32_AthenaPlayground/Athena/arm-none-eabi-gcc_5_4_BE/gcc-arm-none-eabi-5_4-2017q1_BE_LINUX/bin/../lib/gcc/arm-none-eabi/5.4.1/armv7e-m/fpu/crtbegin.o
 *(.init)
 .init          0x0000000008010480        0x4 /home/aghosh01/STM32_AthenaPlayground/Athena/arm-none-eabi-gcc_5_4_BE/gcc-arm-none-eabi-5_4-2017q1_BE_LINUX/bin/../lib/gcc/arm-none-eabi/5.4.1/armv7e-m/fpu/crti.o
                0x0000000008010480                _init
 .init          0x0000000008010484        0x8 /home/aghosh01/STM32_AthenaPlayground/Athena/arm-none-eabi-gcc_5_4_BE/gcc-arm-none-eabi-5_4-2017q1_BE_LINUX/bin/../lib/gcc/arm-none-eabi/5.4.1/armv7e-m/fpu/crtn.o
 *(.fini)
 .fini          0x000000000801048c        0x4 /home/aghosh01/STM32_AthenaPlayground/Athena/arm-none-eabi-gcc_5_4_BE/gcc-arm-none-eabi-5_4-2017q1_BE_LINUX/bin/../lib/gcc/arm-none-eabi/5.4.1/armv7e-m/fpu/crti.o
                0x000000000801048c                _fini
 .fini          0x0000000008010490        0x8 /home/aghosh01/STM32_AthenaPlayground/Athena/arm-none-eabi-gcc_5_4_BE/gcc-arm-none-eabi-5_4-2017q1_BE_LINUX/bin/../lib/gcc/arm-none-eabi/5.4.1/armv7e-m/fpu/crtn.o
                0x0000000008010498                . = ALIGN (0x4)
                0x0000000008010498                _etext = .

.vfp11_veneer   0x0000000008010498        0x0
 .vfp11_veneer  0x0000000008010498        0x0 linker stubs

.v4_bx          0x0000000008010498        0x0
 .v4_bx         0x0000000008010498        0x0 linker stubs

.iplt           0x0000000008010498        0x0
 .iplt          0x0000000008010498        0x0 /home/aghosh01/STM32_AthenaPlayground/Athena/arm-none-eabi-gcc_5_4_BE/gcc-arm-none-eabi-5_4-2017q1_BE_LINUX/bin/../lib/gcc/arm-none-eabi/5.4.1/armv7e-m/fpu/crtbegin.o

.rodata         0x0000000008010498      0xd34
                0x0000000008010498                . = ALIGN (0x4)
 *(.rodata)
 .rodata        0x0000000008010498        0x4 ../Athena/arch/stm32/f3/src/stm32f3xx_hal_uart.o
 .rodata        0x000000000801049c       0x20 ../Athena/arch/stm32/f3/src/stm32f3xx_hal_rcc.o
                0x000000000801049c                aPLLMULFactorTable
                0x00000000080104ac                aPredivFactorTable
 .rodata        0x00000000080104bc       0x18 ../Athena/arch/stm32/f3/src/CMSIS/system_stm32f3xx.o
                0x00000000080104bc                AHBPrescTable
                0x00000000080104cc                APBPrescTable
 *(.rodata*)
 .rodata._global_impure_ptr
                0x00000000080104d4        0x4 /home/aghosh01/STM32_AthenaPlayground/Athena/arm-none-eabi-gcc_5_4_BE/gcc-arm-none-eabi-5_4-2017q1_BE_LINUX/bin/../lib/gcc/arm-none-eabi/5.4.1/../../../../arm-none-eabi/lib/armv7e-m/fpu/libc.a(lib_a-impure.o)
                0x00000000080104d4                _global_impure_ptr
 .rodata.str1.4
                0x00000000080104d8      0x325 f3_shell_demo.o
 *fill*         0x00000000080107fd        0x3 
 .rodata.str1.4
                0x0000000008010800      0x167 user_source/system_shell.o
                                        0x16b (size before relaxing)
 *fill*         0x0000000008010967        0x1 
 .rodata.str1.4
                0x0000000008010968       0x22 user_source/hal_interface/newlib_stubs.o
 *fill*         0x000000000801098a        0x2 
 .rodata.str1.4
                0x000000000801098c        0x5 /home/aghosh01/STM32_AthenaPlayground/Athena/arm-none-eabi-gcc_5_4_BE/gcc-arm-none-eabi-5_4-2017q1_BE_LINUX/bin/../lib/gcc/arm-none-eabi/5.4.1/../../../../arm-none-eabi/lib/armv7e-m/fpu/libm.a(lib_a-w_sqrt.o)
 *fill*         0x0000000008010991        0x3 
 .rodata.str1.4
                0x0000000008010994        0x6 /home/aghosh01/STM32_AthenaPlayground/Athena/arm-none-eabi-gcc_5_4_BE/gcc-arm-none-eabi-5_4-2017q1_BE_LINUX/bin/../lib/gcc/arm-none-eabi/5.4.1/../../../../arm-none-eabi/lib/armv7e-m/fpu/libm.a(lib_a-wf_asin.o)
                                          0x9 (size before relaxing)
 *fill*         0x000000000801099a        0x2 
 .rodata.str1.4
                0x000000000801099c        0x6 /home/aghosh01/STM32_AthenaPlayground/Athena/arm-none-eabi-gcc_5_4_BE/gcc-arm-none-eabi-5_4-2017q1_BE_LINUX/bin/../lib/gcc/arm-none-eabi/5.4.1/../../../../arm-none-eabi/lib/armv7e-m/fpu/libm.a(lib_a-wf_sqrt.o)
 *fill*         0x00000000080109a2        0x2 
 .rodata.npio2_hw
                0x00000000080109a4       0x80 /home/aghosh01/STM32_AthenaPlayground/Athena/arm-none-eabi-gcc_5_4_BE/gcc-arm-none-eabi-5_4-2017q1_BE_LINUX/bin/../lib/gcc/arm-none-eabi/5.4.1/../../../../arm-none-eabi/lib/armv7e-m/fpu/libm.a(lib_a-ef_rem_pio2.o)
 .rodata.two_over_pi
                0x0000000008010a24      0x318 /home/aghosh01/STM32_AthenaPlayground/Athena/arm-none-eabi-gcc_5_4_BE/gcc-arm-none-eabi-5_4-2017q1_BE_LINUX/bin/../lib/gcc/arm-none-eabi/5.4.1/../../../../arm-none-eabi/lib/armv7e-m/fpu/libm.a(lib_a-ef_rem_pio2.o)
 .rodata.init_jk
                0x0000000008010d3c        0xc /home/aghosh01/STM32_AthenaPlayground/Athena/arm-none-eabi-gcc_5_4_BE/gcc-arm-none-eabi-5_4-2017q1_BE_LINUX/bin/../lib/gcc/arm-none-eabi/5.4.1/../../../../arm-none-eabi/lib/armv7e-m/fpu/libm.a(lib_a-kf_rem_pio2.o)
 .rodata.PIo2   0x0000000008010d48       0x2c /home/aghosh01/STM32_AthenaPlayground/Athena/arm-none-eabi-gcc_5_4_BE/gcc-arm-none-eabi-5_4-2017q1_BE_LINUX/bin/../lib/gcc/arm-none-eabi/5.4.1/../../../../arm-none-eabi/lib/armv7e-m/fpu/libm.a(lib_a-kf_rem_pio2.o)
 .rodata.atanlo
                0x0000000008010d74       0x10 /home/aghosh01/STM32_AthenaPlayground/Athena/arm-none-eabi-gcc_5_4_BE/gcc-arm-none-eabi-5_4-2017q1_BE_LINUX/bin/../lib/gcc/arm-none-eabi/5.4.1/../../../../arm-none-eabi/lib/armv7e-m/fpu/libm.a(lib_a-sf_atan.o)
 .rodata.atanhi
                0x0000000008010d84       0x10 /home/aghosh01/STM32_AthenaPlayground/Athena/arm-none-eabi-gcc_5_4_BE/gcc-arm-none-eabi-5_4-2017q1_BE_LINUX/bin/../lib/gcc/arm-none-eabi/5.4.1/../../../../arm-none-eabi/lib/armv7e-m/fpu/libm.a(lib_a-sf_atan.o)
 .rodata.str1.4
                0x0000000008010d94        0x6 /home/aghosh01/STM32_AthenaPlayground/Athena/arm-none-eabi-gcc_5_4_BE/gcc-arm-none-eabi-5_4-2017q1_BE_LINUX/bin/../lib/gcc/arm-none-eabi/5.4.1/../../../../arm-none-eabi/lib/armv7e-m/fpu/libc.a(lib_a-puts.o)
                                          0x2 (size before relaxing)
 .rodata.zeroes.7273
                0x0000000008010d94       0x10 /home/aghosh01/STM32_AthenaPlayground/Athena/arm-none-eabi-gcc_5_4_BE/gcc-arm-none-eabi-5_4-2017q1_BE_LINUX/bin/../lib/gcc/arm-none-eabi/5.4.1/../../../../arm-none-eabi/lib/armv7e-m/fpu/libc.a(lib_a-vfprintf.o)
 .rodata.str1.4
                0x0000000008010da4       0x42 /home/aghosh01/STM32_AthenaPlayground/Athena/arm-none-eabi-gcc_5_4_BE/gcc-arm-none-eabi-5_4-2017q1_BE_LINUX/bin/../lib/gcc/arm-none-eabi/5.4.1/../../../../arm-none-eabi/lib/armv7e-m/fpu/libc.a(lib_a-vfprintf.o)
 *fill*         0x0000000008010de6        0x2 
 .rodata.blanks.7272
                0x0000000008010de8       0x10 /home/aghosh01/STM32_AthenaPlayground/Athena/arm-none-eabi-gcc_5_4_BE/gcc-arm-none-eabi-5_4-2017q1_BE_LINUX/bin/../lib/gcc/arm-none-eabi/5.4.1/../../../../arm-none-eabi/lib/armv7e-m/fpu/libc.a(lib_a-vfprintf.o)
 .rodata.str1.4
                0x0000000008010df8        0x5 /home/aghosh01/STM32_AthenaPlayground/Athena/arm-none-eabi-gcc_5_4_BE/gcc-arm-none-eabi-5_4-2017q1_BE_LINUX/bin/../lib/gcc/arm-none-eabi/5.4.1/../../../../arm-none-eabi/lib/armv7e-m/fpu/libc.a(lib_a-vfscanf.o)
 *fill*         0x0000000008010dfd        0x3 
 .rodata.basefix.7347
                0x0000000008010e00       0x22 /home/aghosh01/STM32_AthenaPlayground/Athena/arm-none-eabi-gcc_5_4_BE/gcc-arm-none-eabi-5_4-2017q1_BE_LINUX/bin/../lib/gcc/arm-none-eabi/5.4.1/../../../../arm-none-eabi/lib/armv7e-m/fpu/libc.a(lib_a-vfscanf.o)
 *fill*         0x0000000008010e22        0x2 
 .rodata.str1.4
                0x0000000008010e24       0x10 /home/aghosh01/STM32_AthenaPlayground/Athena/arm-none-eabi-gcc_5_4_BE/gcc-arm-none-eabi-5_4-2017q1_BE_LINUX/bin/../lib/gcc/arm-none-eabi/5.4.1/../../../../arm-none-eabi/lib/armv7e-m/fpu/libc.a(lib_a-dtoa.o)
                                         0x12 (size before relaxing)
 .rodata.str1.4
                0x0000000008010e34        0xe /home/aghosh01/STM32_AthenaPlayground/Athena/arm-none-eabi-gcc_5_4_BE/gcc-arm-none-eabi-5_4-2017q1_BE_LINUX/bin/../lib/gcc/arm-none-eabi/5.4.1/../../../../arm-none-eabi/lib/armv7e-m/fpu/libc.a(lib_a-locale.o)
                                         0x12 (size before relaxing)
 .rodata.str1.4
                0x0000000008010e42        0x1 /home/aghosh01/STM32_AthenaPlayground/Athena/arm-none-eabi-gcc_5_4_BE/gcc-arm-none-eabi-5_4-2017q1_BE_LINUX/bin/../lib/gcc/arm-none-eabi/5.4.1/../../../../arm-none-eabi/lib/armv7e-m/fpu/libc.a(lib_a-mbrtowc.o)
 *fill*         0x0000000008010e42        0x6 
 .rodata.__mprec_tens
                0x0000000008010e48       0xc8 /home/aghosh01/STM32_AthenaPlayground/Athena/arm-none-eabi-gcc_5_4_BE/gcc-arm-none-eabi-5_4-2017q1_BE_LINUX/bin/../lib/gcc/arm-none-eabi/5.4.1/../../../../arm-none-eabi/lib/armv7e-m/fpu/libc.a(lib_a-mprec.o)
                0x0000000008010e48                __mprec_tens
 .rodata.__mprec_bigtens
                0x0000000008010f10       0x28 /home/aghosh01/STM32_AthenaPlayground/Athena/arm-none-eabi-gcc_5_4_BE/gcc-arm-none-eabi-5_4-2017q1_BE_LINUX/bin/../lib/gcc/arm-none-eabi/5.4.1/../../../../arm-none-eabi/lib/armv7e-m/fpu/libc.a(lib_a-mprec.o)
                0x0000000008010f10                __mprec_bigtens
 .rodata.p05.6087
                0x0000000008010f38        0xc /home/aghosh01/STM32_AthenaPlayground/Athena/arm-none-eabi-gcc_5_4_BE/gcc-arm-none-eabi-5_4-2017q1_BE_LINUX/bin/../lib/gcc/arm-none-eabi/5.4.1/../../../../arm-none-eabi/lib/armv7e-m/fpu/libc.a(lib_a-mprec.o)
 .rodata.fpi.6173
                0x0000000008010f44       0x14 /home/aghosh01/STM32_AthenaPlayground/Athena/arm-none-eabi-gcc_5_4_BE/gcc-arm-none-eabi-5_4-2017q1_BE_LINUX/bin/../lib/gcc/arm-none-eabi/5.4.1/../../../../arm-none-eabi/lib/armv7e-m/fpu/libc.a(lib_a-strtod.o)
 .rodata.str1.4
                0x0000000008010f58       0x10 /home/aghosh01/STM32_AthenaPlayground/Athena/arm-none-eabi-gcc_5_4_BE/gcc-arm-none-eabi-5_4-2017q1_BE_LINUX/bin/../lib/gcc/arm-none-eabi/5.4.1/../../../../arm-none-eabi/lib/armv7e-m/fpu/libc.a(lib_a-strtod.o)
                                          0xf (size before relaxing)
 .rodata.fpinan.6209
                0x0000000008010f68       0x14 /home/aghosh01/STM32_AthenaPlayground/Athena/arm-none-eabi-gcc_5_4_BE/gcc-arm-none-eabi-5_4-2017q1_BE_LINUX/bin/../lib/gcc/arm-none-eabi/5.4.1/../../../../arm-none-eabi/lib/armv7e-m/fpu/libc.a(lib_a-strtod.o)
 *fill*         0x0000000008010f7c        0x4 
 .rodata.tinytens
                0x0000000008010f80       0x28 /home/aghosh01/STM32_AthenaPlayground/Athena/arm-none-eabi-gcc_5_4_BE/gcc-arm-none-eabi-5_4-2017q1_BE_LINUX/bin/../lib/gcc/arm-none-eabi/5.4.1/../../../../arm-none-eabi/lib/armv7e-m/fpu/libc.a(lib_a-strtod.o)
 .rodata.zeroes.7258
                0x0000000008010fa8       0x10 /home/aghosh01/STM32_AthenaPlayground/Athena/arm-none-eabi-gcc_5_4_BE/gcc-arm-none-eabi-5_4-2017q1_BE_LINUX/bin/../lib/gcc/arm-none-eabi/5.4.1/../../../../arm-none-eabi/lib/armv7e-m/fpu/libc.a(lib_a-svfprintf.o)
 .rodata.str1.4
                0x0000000008010fb8       0x42 /home/aghosh01/STM32_AthenaPlayground/Athena/arm-none-eabi-gcc_5_4_BE/gcc-arm-none-eabi-5_4-2017q1_BE_LINUX/bin/../lib/gcc/arm-none-eabi/5.4.1/../../../../arm-none-eabi/lib/armv7e-m/fpu/libc.a(lib_a-svfprintf.o)
 .rodata.blanks.7257
                0x0000000008010fb8       0x10 /home/aghosh01/STM32_AthenaPlayground/Athena/arm-none-eabi-gcc_5_4_BE/gcc-arm-none-eabi-5_4-2017q1_BE_LINUX/bin/../lib/gcc/arm-none-eabi/5.4.1/../../../../arm-none-eabi/lib/armv7e-m/fpu/libc.a(lib_a-svfprintf.o)
 .rodata._ctype_
                0x0000000008010fc8      0x101 /home/aghosh01/STM32_AthenaPlayground/Athena/arm-none-eabi-gcc_5_4_BE/gcc-arm-none-eabi-5_4-2017q1_BE_LINUX/bin/../lib/gcc/arm-none-eabi/5.4.1/../../../../arm-none-eabi/lib/armv7e-m/fpu/libc.a(lib_a-ctype_.o)
                0x0000000008010fc8                _ctype_
 *fill*         0x00000000080110c9        0x3 
 .rodata.__hexdig
                0x00000000080110cc      0x100 /home/aghosh01/STM32_AthenaPlayground/Athena/arm-none-eabi-gcc_5_4_BE/gcc-arm-none-eabi-5_4-2017q1_BE_LINUX/bin/../lib/gcc/arm-none-eabi/5.4.1/../../../../arm-none-eabi/lib/armv7e-m/fpu/libc.a(lib_a-gdtoa-gethex.o)
                0x00000000080110cc                __hexdig
                0x00000000080111cc                . = ALIGN (0x4)

.ARM.extab
 *(.ARM.extab* .gnu.linkonce.armextab.*)

.ARM            0x00000000080111cc        0x8
                0x00000000080111cc                __exidx_start = .
 *(.ARM.exidx*)
 .ARM.exidx     0x00000000080111cc        0x8 /home/aghosh01/STM32_AthenaPlayground/Athena/arm-none-eabi-gcc_5_4_BE/gcc-arm-none-eabi-5_4-2017q1_BE_LINUX/bin/../lib/gcc/arm-none-eabi/5.4.1/armv7e-m/fpu/libgcc.a(_udivmoddi4.o)
                0x00000000080111d4                __exidx_end = .

.rel.dyn        0x00000000080111d4        0x0
 .rel.iplt      0x00000000080111d4        0x0 /home/aghosh01/STM32_AthenaPlayground/Athena/arm-none-eabi-gcc_5_4_BE/gcc-arm-none-eabi-5_4-2017q1_BE_LINUX/bin/../lib/gcc/arm-none-eabi/5.4.1/armv7e-m/fpu/crtbegin.o

.preinit_array  0x00000000080111d4        0x0
                0x00000000080111d4                PROVIDE (__preinit_array_start, .)
 *(.preinit_array*)
                0x00000000080111d4                PROVIDE (__preinit_array_end, .)

.init_array     0x00000000080111d4        0x8
                0x00000000080111d4                PROVIDE (__init_array_start, .)
 *(SORT(.init_array.*))
 .init_array.00000
                0x00000000080111d4        0x4 /home/aghosh01/STM32_AthenaPlayground/Athena/arm-none-eabi-gcc_5_4_BE/gcc-arm-none-eabi-5_4-2017q1_BE_LINUX/bin/../lib/gcc/arm-none-eabi/5.4.1/../../../../arm-none-eabi/lib/armv7e-m/fpu/libc.a(lib_a-__call_atexit.o)
 *(.init_array*)
 .init_array    0x00000000080111d8        0x4 /home/aghosh01/STM32_AthenaPlayground/Athena/arm-none-eabi-gcc_5_4_BE/gcc-arm-none-eabi-5_4-2017q1_BE_LINUX/bin/../lib/gcc/arm-none-eabi/5.4.1/armv7e-m/fpu/crtbegin.o
                0x00000000080111dc                PROVIDE (__init_array_end, .)

.fini_array     0x00000000080111dc        0x4
                0x00000000080111dc                PROVIDE (__fini_array_start, .)
 *(SORT(.fini_array.*))
 *(.fini_array*)
 .fini_array    0x00000000080111dc        0x4 /home/aghosh01/STM32_AthenaPlayground/Athena/arm-none-eabi-gcc_5_4_BE/gcc-arm-none-eabi-5_4-2017q1_BE_LINUX/bin/../lib/gcc/arm-none-eabi/5.4.1/armv7e-m/fpu/crtbegin.o
                0x00000000080111e0                PROVIDE (__fini_array_end, .)
                0x00000000080111e0                _sidata = LOADADDR (.data)

.data           0x0000000020000000      0x9b4 load address 0x00000000080111e0
                0x0000000020000000                . = ALIGN (0x4)
                0x0000000020000000                _sdata = .
 *(.data)
 .data          0x0000000020000000        0x4 ../Athena/arch/stm32/f3/src/CMSIS/system_stm32f3xx.o
                0x0000000020000000                SystemCoreClock
 .data          0x0000000020000004        0x4 user_source/MadgwickAHRS.o
                0x0000000020000004                q0
 *(.data*)
 .data.impure_data
                0x0000000020000008      0x428 /home/aghosh01/STM32_AthenaPlayground/Athena/arm-none-eabi-gcc_5_4_BE/gcc-arm-none-eabi-5_4-2017q1_BE_LINUX/bin/../lib/gcc/arm-none-eabi/5.4.1/../../../../arm-none-eabi/lib/armv7e-m/fpu/libc.a(lib_a-impure.o)
 .data._impure_ptr
                0x0000000020000430        0x4 /home/aghosh01/STM32_AthenaPlayground/Athena/arm-none-eabi-gcc_5_4_BE/gcc-arm-none-eabi-5_4-2017q1_BE_LINUX/bin/../lib/gcc/arm-none-eabi/5.4.1/../../../../arm-none-eabi/lib/armv7e-m/fpu/libc.a(lib_a-impure.o)
                0x0000000020000430                _impure_ptr
 .data.__fdlib_version